Component: ARM Compiler 6.13.1 Tool: armlink [5d895400]

==============================================================================

Section Cross References

    delay.o(.text.delay_init) refers to stm32f4xx_hal_cortex.o(.text.HAL_SYSTICK_CLKSourceConfig) for HAL_SYSTICK_CLKSourceConfig
    delay.o(.text.delay_init) refers to delay.o(.bss.fac_us) for [Anonymous Symbol]
    delay.o(.ARM.exidx.text.delay_init) refers to delay.o(.text.delay_init) for [Anonymous Symbol]
    delay.o(.text.delay_us) refers to delay.o(.bss.fac_us) for [Anonymous Symbol]
    delay.o(.ARM.exidx.text.delay_us) refers to delay.o(.text.delay_us) for [Anonymous Symbol]
    delay.o(.text.delay_ms) refers to delay.o(.text.delay_us) for delay_us
    delay.o(.ARM.exidx.text.delay_ms) refers to delay.o(.text.delay_ms) for [Anonymous Symbol]
    main.o(.text.main) refers to stm32f4xx_hal.o(.text.HAL_Init) for HAL_Init
    main.o(.text.main) refers to sys.o(.text.SystemClock_Config) for SystemClock_Config
    main.o(.text.main) refers to delay.o(.text.delay_init) for delay_init
    main.o(.text.main) refers to led.o(.text.led_Init) for led_Init
    main.o(.text.main) refers to sys.o(.text.SysNVIC_SetPriority) for SysNVIC_SetPriority
    main.o(.text.main) refers to flash.o(.text.flash_load) for flash_load
    main.o(.text.main) refers to tle5012b.o(.text.TLE5012B_init) for TLE5012B_init
    main.o(.text.main) refers to rt_memcpy_w.o(.text) for __aeabi_memcpy4
    main.o(.text.main) refers to position.o(.text.LUT_Write) for LUT_Write
    main.o(.text.main) refers to adc.o(.text.MX_ADC1_Init) for MX_ADC1_Init
    main.o(.text.main) refers to adc.o(.text.MX_ADC2_Init) for MX_ADC2_Init
    main.o(.text.main) refers to adc.o(.text.MX_ADC3_Init) for MX_ADC3_Init
    main.o(.text.main) refers to foc.o(.text.reset_foc) for reset_foc
    main.o(.text.main) refers to drv8323.o(.text.drv8323_init) for drv8323_init
    main.o(.text.main) refers to foc.o(.text.zero_current) for zero_current
    main.o(.text.main) refers to foc.o(.text.init_controller_params) for init_controller_params
    main.o(.text.main) refers to tim.o(.text.MX_TIM1_Init) for MX_TIM1_Init
    main.o(.text.main) refers to stm32f4xx_hal_tim.o(.text.HAL_TIM_Base_Start_IT) for HAL_TIM_Base_Start_IT
    main.o(.text.main) refers to delay.o(.text.delay_us) for delay_us
    main.o(.text.main) refers to main.o(.bss.__float_reg) for __float_reg
    main.o(.text.main) refers to position.o(.bss.PS) for PS
    main.o(.text.main) refers to main.o(.bss.__int_reg) for __int_reg
    main.o(.text.main) refers to foc.o(.bss.controller) for controller
    main.o(.text.main) refers to tim.o(.bss.htim1) for htim1
    main.o(.ARM.exidx.text.main) refers to main.o(.text.main) for [Anonymous Symbol]
    main.o(.text.TIM1_UP_TIM10_IRQHandler) refers to position.o(.text.PS_Value) for PS_Value
    main.o(.text.TIM1_UP_TIM10_IRQHandler) refers to delay.o(.text.delay_ms) for delay_ms
    main.o(.text.TIM1_UP_TIM10_IRQHandler) refers to drv8323.o(.text.drv_enable_gd) for drv_enable_gd
    main.o(.text.TIM1_UP_TIM10_IRQHandler) refers to calibration.o(.text.order_phases) for order_phases
    main.o(.text.TIM1_UP_TIM10_IRQHandler) refers to calibration.o(.text.calibrate) for calibrate
    main.o(.text.TIM1_UP_TIM10_IRQHandler) refers to drv8323.o(.text.drv_disable_gd) for drv_disable_gd
    main.o(.text.TIM1_UP_TIM10_IRQHandler) refers to flash.o(.text.flash_write) for flash_write
    main.o(.text.TIM1_UP_TIM10_IRQHandler) refers to foc.o(.text.reset_foc) for reset_foc
    main.o(.text.TIM1_UP_TIM10_IRQHandler) refers to foc.o(.text.reset_observer) for reset_observer
    main.o(.text.TIM1_UP_TIM10_IRQHandler) refers to foc.o(.text.torque_control) for torque_control
    main.o(.text.TIM1_UP_TIM10_IRQHandler) refers to foc.o(.text.commutate) for commutate
    main.o(.text.TIM1_UP_TIM10_IRQHandler) refers to stm32f4xx_hal_tim.o(.text.HAL_TIM_IRQHandler) for HAL_TIM_IRQHandler
    main.o(.text.TIM1_UP_TIM10_IRQHandler) refers to position.o(.bss.PS) for PS
    main.o(.text.TIM1_UP_TIM10_IRQHandler) refers to foc.o(.bss.controller) for controller
    main.o(.text.TIM1_UP_TIM10_IRQHandler) refers to main.o(.bss..L_MergedGlobals) for [Anonymous Symbol]
    main.o(.text.TIM1_UP_TIM10_IRQHandler) refers to foc.o(.bss.observer) for observer
    main.o(.text.TIM1_UP_TIM10_IRQHandler) refers to foc.o(.bss.iq_eso) for iq_eso
    main.o(.text.TIM1_UP_TIM10_IRQHandler) refers to tim.o(.bss.htim1) for htim1
    main.o(.ARM.exidx.text.TIM1_UP_TIM10_IRQHandler) refers to main.o(.text.TIM1_UP_TIM10_IRQHandler) for [Anonymous Symbol]
    startup_stm32f405xx.o(STACK) refers (Special) to heapauxi.o(.text) for __use_two_region_memory
    startup_stm32f405xx.o(HEAP) refers (Special) to heapauxi.o(.text) for __use_two_region_memory
    startup_stm32f405xx.o(RESET) refers (Special) to heapauxi.o(.text) for __use_two_region_memory
    startup_stm32f405xx.o(RESET) refers to startup_stm32f405xx.o(STACK) for __initial_sp
[...]
    [Anonymous Symbol]                       0x08003b40   Section        0  foc.o(.text.zero_current)
    __arm_cp.3_0                             0x08003ba4   Number         4  foc.o(.text.zero_current)
    __arm_cp.3_1                             0x08003ba8   Number         4  foc.o(.text.zero_current)
    i.__ARM_fpclassify                       0x08003bac   Section        0  fpclassify.o(i.__ARM_fpclassify)
    i.__ARM_fpclassifyf                      0x08003bdc   Section        0  fpclassifyf.o(i.__ARM_fpclassifyf)
    i.__hardfp_fmaxf                         0x08003c02   Section        0  fmaxf.o(i.__hardfp_fmaxf)
    i.__hardfp_fminf                         0x08003c4a   Section        0  fminf.o(i.__hardfp_fminf)
    i.__hardfp_fmod                          0x08003c94   Section        0  fmod.o(i.__hardfp_fmod)
    i.__hardfp_pow                           0x08003d98   Section        0  pow.o(i.__hardfp_pow)
    i.__hardfp_sinf                          0x080049e8   Section        0  sinf.o(i.__hardfp_sinf)
    i.__hardfp_sqrt                          0x08004b78   Section        0  sqrt.o(i.__hardfp_sqrt)
    i.__kernel_poly                          0x08004bf2   Section        0  poly.o(i.__kernel_poly)
    i.__mathlib_dbl_divzero                  0x08004cf0   Section        0  dunder.o(i.__mathlib_dbl_divzero)
    i.__mathlib_dbl_infnan2                  0x08004d20   Section        0  dunder.o(i.__mathlib_dbl_infnan2)
    i.__mathlib_dbl_invalid                  0x08004d38   Section        0  dunder.o(i.__mathlib_dbl_invalid)
    i.__mathlib_dbl_overflow                 0x08004d58   Section        0  dunder.o(i.__mathlib_dbl_overflow)
    i.__mathlib_dbl_underflow                0x08004d78   Section        0  dunder.o(i.__mathlib_dbl_underflow)
    i.__mathlib_flt_infnan                   0x08004d98   Section        0  funder.o(i.__mathlib_flt_infnan)
    i.__mathlib_flt_invalid                  0x08004da0   Section        0  funder.o(i.__mathlib_flt_invalid)
    i.__mathlib_flt_underflow                0x08004db0   Section        0  funder.o(i.__mathlib_flt_underflow)
    i.__mathlib_rredf2                       0x08004dc0   Section        0  rredf.o(i.__mathlib_rredf2)
    i.fabs                                   0x08004f14   Section        0  fabs.o(i.fabs)
    i.sqrt                                   0x08004f2c   Section        0  sqrt.o(i.sqrt)
    $v0                                      0x08004f9a   Number         0  basic.o(x$fpl$basic)
    x$fpl$basic                              0x08004f9a   Section       24  basic.o(x$fpl$basic)
    $v0                                      0x08004fb4   Number         0  d2f.o(x$fpl$d2f)
    x$fpl$d2f                                0x08004fb4   Section       98  d2f.o(x$fpl$d2f)
    $v0                                      0x08005018   Number         0  daddsub_clz.o(x$fpl$dadd)
    x$fpl$dadd                               0x08005018   Section      336  daddsub_clz.o(x$fpl$dadd)
    _dadd1                                   0x08005029   Thumb Code     0  daddsub_clz.o(x$fpl$dadd)
    $v0                                      0x08005168   Number         0  dcheck1.o(x$fpl$dcheck1)
    x$fpl$dcheck1                            0x08005168   Section       16  dcheck1.o(x$fpl$dcheck1)
    $v0                                      0x08005178   Number         0  dcmpi.o(x$fpl$dcmpinf)
    x$fpl$dcmpinf                            0x08005178   Section       24  dcmpi.o(x$fpl$dcmpinf)
    $v0                                      0x08005190   Number         0  ddiv.o(x$fpl$ddiv)
    x$fpl$ddiv                               0x08005190   Section      688  ddiv.o(x$fpl$ddiv)
    ddiv_entry                               0x08005197   Thumb Code     0  ddiv.o(x$fpl$ddiv)
    $v0                                      0x08005440   Number         0  dflt_clz.o(x$fpl$dflt)
    x$fpl$dflt                               0x08005440   Section       46  dflt_clz.o(x$fpl$dflt)
    $v0                                      0x08005470   Number         0  dleqf.o(x$fpl$dleqf)
    x$fpl$dleqf                              0x08005470   Section      120  dleqf.o(x$fpl$dleqf)
    $v0                                      0x080054e8   Number         0  dmul.o(x$fpl$dmul)
    x$fpl$dmul                               0x080054e8   Section      340  dmul.o(x$fpl$dmul)
    $v0                                      0x0800563c   Number         0  dnaninf.o(x$fpl$dnaninf)
    x$fpl$dnaninf                            0x0800563c   Section      156  dnaninf.o(x$fpl$dnaninf)
    $v0                                      0x080056d8   Number         0  drem_clz.o(x$fpl$drem)
    x$fpl$drem                               0x080056d8   Section      336  drem_clz.o(x$fpl$drem)
    $v0                                      0x08005828   Number         0  dretinf.o(x$fpl$dretinf)
    x$fpl$dretinf                            0x08005828   Section       12  dretinf.o(x$fpl$dretinf)
    $v0                                      0x08005834   Number         0  drleqf.o(x$fpl$drleqf)
    x$fpl$drleqf                             0x08005834   Section      108  drleqf.o(x$fpl$drleqf)
    $v0                                      0x080058a0   Number         0  daddsub_clz.o(x$fpl$drsb)
    x$fpl$drsb                               0x080058a0   Section       22  daddsub_clz.o(x$fpl$drsb)
    $v0                                      0x080058b8   Number         0  dsqrt_umaal.o(x$fpl$dsqrt)
    x$fpl$dsqrt                              0x080058b8   Section      408  dsqrt_umaal.o(x$fpl$dsqrt)
    $v0                                      0x08005a50   Number         0  daddsub_clz.o(x$fpl$dsub)
    x$fpl$dsub                               0x08005a50   Section      468  daddsub_clz.o(x$fpl$dsub)
    _dsub1                                   0x08005a61   Thumb Code     0  daddsub_clz.o(x$fpl$dsub)
    $v0                                      0x08005c24   Number         0  f2d.o(x$fpl$f2d)
    x$fpl$f2d                                0x08005c24   Section       86  f2d.o(x$fpl$f2d)
    $v0                                      0x08005c7c   Number         0  fcmp4.o(x$fpl$fcmp4)
    x$fpl$fcmp4                              0x08005c7c   Section       82  fcmp4.o(x$fpl$fcmp4)
    $v0                                      0x08005cce   Number         0  fcmpi.o(x$fpl$fcmpinf)
    x$fpl$fcmpinf                            0x08005cce   Section       24  fcmpi.o(x$fpl$fcmpinf)
    $v0                                      0x08005ce6   Number         0  fnaninf.o(x$fpl$fnaninf)
    x$fpl$fnaninf                            0x08005ce6   Section      140  fnaninf.o(x$fpl$fnaninf)
    $v0                                      0x08005d72   Number         0  fpinit.o(x$fpl$fpinit)
    x$fpl$fpinit                             0x08005d72   Section       26  fpinit.o(x$fpl$fpinit)
    $v0                                      0x08005d8c   Number         0  fretinf.o(x$fpl$fretinf)
    x$fpl$fretinf                            0x08005d8c   Section       10  fretinf.o(x$fpl$fretinf)
    $v0                                      0x08005d96   Number         0  retnan.o(x$fpl$retnan)
    x$fpl$retnan                             0x08005d96   Section      100  retnan.o(x$fpl$retnan)
    $v0                                      0x08005dfa   Number         0  scalbn.o(x$fpl$scalbn)
    x$fpl$scalbn                             0x08005dfa   Section       92  scalbn.o(x$fpl$scalbn)
    $v0                                      0x08005e56   Number         0  trapv.o(x$fpl$trapveneer)
    x$fpl$trapveneer                         0x08005e56   Section       48  trapv.o(x$fpl$trapveneer)
    x$fpl$usenofp                            0x08005e86   Section        0  usenofp.o(x$fpl$usenofp)
    bp                                       0x08005e88   Data          16  pow.o(.constdata)
    .constdata                               0x08005e88   Section      136  pow.o(.constdata)
    dp_h                                     0x08005e98   Data          16  pow.o(.constdata)
    dp_l                                     0x08005ea8   Data          16  pow.o(.constdata)
    L                                        0x08005eb8   Data          48  pow.o(.constdata)
    P                                        0x08005ee8   Data          40  pow.o(.constdata)
    .constdata                               0x08005f10   Section        8  qnan.o(.constdata)
    twooverpi                                0x08005f18   Data          32  rredf.o(.constdata)
    .constdata                               0x08005f18   Section       32  rredf.o(.constdata)
    [Anonymous Symbol]                       0x20000000   Section        0  stm32f4xx_hal.o(.data..L_MergedGlobals)
    .bss                                     0x20000010   Section       96  libspace.o(.bss)
    [Anonymous Symbol]                       0x20000070   Section        0  main.o(.bss..L_MergedGlobals)
    calibrate.lut                            0x20000848   Data       10240  calibration.o(.bss.calibrate.lut)
    [Anonymous Symbol]                       0x20000848   Section        0  calibration.o(.bss.calibrate.lut)
    calibrate.raw_b                          0x20003048   Data       10240  calibration.o(.bss.calibrate.raw_b)
    [Anonymous Symbol]                       0x20003048   Section        0  calibration.o(.bss.calibrate.raw_b)
    calibrate.raw_f                          0x20005848   Data       10240  calibration.o(.bss.calibrate.raw_f)
    [Anonymous Symbol]                       0x20005848   Section        0  calibration.o(.bss.calibrate.raw_f)
    fac_us                                   0x20012308   Data           4  delay.o(.bss.fac_us)
    [Anonymous Symbol]                       0x20012308   Section        0  delay.o(.bss.fac_us)
    Heap_Mem                                 0x20012570   Data        1024  startup_stm32f405xx.o(HEAP)
    HEAP                                     0x20012570   Section     1024  startup_stm32f405xx.o(HEAP)
    Stack_Mem                                0x20012970   Data        2048  startup_stm32f405xx.o(STACK)
    STACK                                    0x20012970   Section     2048  startup_stm32f405xx.o(STACK)
    __initial_sp                             0x20013170   Data           0  startup_stm32f405xx.o(STACK)

    Global Symbols

    Symbol Name                              Value     Ov Type        Size  Object(Section)

    BuildAttributes$$THM_ISAv4$E$P$D$K$B$S$7EM$VFPi3$EXTD16$VFPS$VFMA$PE$A:L22UL41UL21$X:L11$S22US41US21$IEEE1$IW$~IW$USESV6$~STKCKD$USESV7$~SHL$OTIME$ROPI$IEEEX$EBA8$UX$STANDARDLIB$REQ8$PRES8$EABIv2 0x00000000   Number         0  anon$$obj.o ABSOLUTE
    __ARM_exceptions_init                     - Undefined Weak Reference
    __alloca_initialize                       - Undefined Weak Reference
    __arm_preinit_                            - Undefined Weak Reference
    __cpp_initialize__aeabi_                  - Undefined Weak Reference
    __cxa_finalize                            - Undefined Weak Reference
    __rt_locale                               - Undefined Weak Reference
    __sigvec_lookup                           - Undefined Weak Reference
    _atexit_init                              - Undefined Weak Reference
    _call_atexit_fns                          - Undefined Weak Reference
    _clock_init                               - Undefined Weak Reference
    _fp_trap_init                             - Undefined Weak Reference
    _fp_trap_shutdown                         - Undefined Weak Reference
    _get_lc_collate                           - Undefined Weak Reference
    _get_lc_ctype                             - Undefined Weak Reference
    _get_lc_monetary                          - Undefined Weak Reference
    _get_lc_numeric                           - Undefined Weak Reference
    _get_lc_time                              - Undefined Weak Reference
    _getenv_init                              - Undefined Weak Reference
    _handle_redirection                       - Undefined Weak Reference
    _init_alloc                               - Undefined Weak Reference
    _init_user_alloc                          - Undefined Weak Reference
    _initio                                   - Undefined Weak Reference
    _rand_init                                - Undefined Weak Reference
    _signal_finish                            - Undefined Weak Reference
    _signal_init                              - Undefined Weak Reference
    _terminate_alloc                          - Undefined Weak Reference
    _terminate_user_alloc                     - Undefined Weak Reference
    _terminateio                              - Undefined Weak Reference
    __Vectors_Size                           0x00000188   Number         0  startup_stm32f405xx.o ABSOLUTE
    __Vectors                                0x08000000   Data           4  startup_stm32f405xx.o(RESET)
    __Vectors_End                            0x08000188   Data           0  startup_stm32f405xx.o(RESET)
    __main                                   0x08000189   Thumb Code     8  __main.o(!!!main)
    __scatterload                            0x08000191   Thumb Code     0  __scatter.o(!!!scatter)
    __scatterload_rt2                        0x08000191   Thumb Code    44  __scatter.o(!!!scatter)
    __scatterload_rt2_thumb_only             0x08000191   Thumb Code     0  __scatter.o(!!!scatter)
    __scatterload_null                       0x0800019f   Thumb Code     0  __scatter.o(!!!scatter)
    __scatterload_copy                       0x080001c5   Thumb Code    26  __scatter_copy.o(!!handler_copy)
    __scatterload_zeroinit                   0x080001e1   Thumb Code    28  __scatter_zi.o(!!handler_zi)
    __rt_lib_init                            0x080001fd   Thumb Code     0  libinit.o(.ARM.Collect$$libinit$$00000000)
    __rt_lib_init_fp_1                       0x080001ff   Thumb Code     0  libinit2.o(.ARM.Collect$$libinit$$00000001)
    __rt_lib_init_alloca_1                   0x08000203   Thumb Code     0  libinit2.o(.ARM.Collect$$libinit$$0000002E)
    __rt_lib_init_argv_1                     0x08000203   Thumb Code     0  libinit2.o(.ARM.Collect$$libinit$$0000002C)
    __rt_lib_init_atexit_1                   0x08000203   Thumb Code     0  libinit2.o(.ARM.Collect$$libinit$$0000001B)
    __rt_lib_init_clock_1                    0x08000203   Thumb Code     0  libinit2.o(.ARM.Collect$$libinit$$00000021)
    __rt_lib_init_cpp_1                      0x08000203   Thumb Code     0  libinit2.o(.ARM.Collect$$libinit$$00000032)
    __rt_lib_init_exceptions_1               0x08000203   Thumb Code     0  libinit2.o(.ARM.Collect$$libinit$$00000030)
    __rt_lib_init_fp_trap_1                  0x08000203   Thumb Code     0  libinit2.o(.ARM.Collect$$libinit$$0000001F)
    __rt_lib_init_getenv_1                   0x08000203   Thumb Code     0  libinit2.o(.ARM.Collect$$libinit$$00000023)
    __rt_lib_init_heap_1                     0x08000203   Thumb Code     0  libinit2.o(.ARM.Collect$$libinit$$0000000A)
    __rt_lib_init_lc_collate_1               0x08000203   Thumb Code     0  libinit2.o(.ARM.Collect$$libinit$$00000011)
    __rt_lib_init_lc_ctype_1                 0x08000203   Thumb Code     0  libinit2.o(.ARM.Collect$$libinit$$00000013)
    __rt_lib_init_lc_monetary_1              0x08000203   Thumb Code     0  libinit2.o(.ARM.Collect$$libinit$$00000015)
    __rt_lib_init_lc_numeric_1               0x08000203   Thumb Code     0  libinit2.o(.ARM.Collect$$libinit$$00000017)
    __rt_lib_init_lc_time_1                  0x08000203   Thumb Code     0  libinit2.o(.ARM.Collect$$libinit$$00000019)
    __rt_lib_init_preinit_1                  0x08000203   Thumb Code     0  libinit2.o(.ARM.Collect$$libinit$$00000004)
    __rt_lib_init_rand_1                     0x08000203   Thumb Code     0  libinit2.o(.ARM.Collect$$libinit$$0000000E)
    __rt_lib_init_return                     0x08000203   Thumb Code     0  libinit2.o(.ARM.Collect$$libinit$$00000033)
    __rt_lib_init_signal_1                   0x08000203   Thumb Code     0  libinit2.o(.ARM.Collect$$libinit$$0000001D)
    __rt_lib_init_stdio_1                    0x08000203   Thumb Code     0  libinit2.o(.ARM.Collect$$libinit$$00000025)
    __rt_lib_init_user_alloc_1               0x08000203   Thumb Code     0  libinit2.o(.ARM.Collect$$libinit$$0000000C)
    __rt_lib_shutdown                        0x08000205   Thumb Code     0  libshutdown.o(.ARM.Collect$$libshutdown$$00000000)
    __rt_lib_shutdown_cpp_1                  0x08000207   Thumb Code     0  libshutdown2.o(.ARM.Collect$$libshutdown$$00000002)
    __rt_lib_shutdown_fp_trap_1              0x08000207   Thumb Code     0  libshutdown2.o(.ARM.Collect$$libshutdown$$00000007)
    __rt_lib_shutdown_heap_1                 0x08000207   Thumb Code     0  libshutdown2.o(.ARM.Collect$$libshutdown$$0000000F)
    __rt_lib_shutdown_return                 0x08000207   Thumb Code     0  libshutdown2.o(.ARM.Collect$$libshutdown$$00000010)
    __rt_lib_shutdown_signal_1               0x08000207   Thumb Code     0  libshutdown2.o(.ARM.Collect$$libshutdown$$0000000A)
    __rt_lib_shutdown_stdio_1                0x08000207   Thumb Code     0  libshutdown2.o(.ARM.Collect$$libshutdown$$00000004)
    __rt_lib_shutdown_user_alloc_1           0x08000207   Thumb Code     0  libshutdown2.o(.ARM.Collect$$libshutdown$$0000000C)
    __rt_entry                               0x08000209   Thumb Code     0  __rtentry.o(.ARM.Collect$$rtentry$$00000000)
    __rt_entry_presh_1                       0x08000209   Thumb Code     0  __rtentry2.o(.ARM.Collect$$rtentry$$00000002)
    __rt_entry_sh                            0x08000209   Thumb Code     0  __rtentry4.o(.ARM.Collect$$rtentry$$00000004)
    __rt_entry_li                            0x0800020f   Thumb Code     0  __rtentry2.o(.ARM.Collect$$rtentry$$0000000A)
    __rt_entry_postsh_1                      0x0800020f   Thumb Code     0  __rtentry2.o(.ARM.Collect$$rtentry$$00000009)
    __rt_entry_main                          0x08000213   Thumb Code     0  __rtentry2.o(.ARM.Collect$$rtentry$$0000000D)
    __rt_entry_postli_1                      0x08000213   Thumb Code     0  __rtentry2.o(.ARM.Collect$$rtentry$$0000000C)
    __rt_exit                                0x0800021b   Thumb Code     0  rtexit.o(.ARM.Collect$$rtexit$$00000000)
    __rt_exit_ls                             0x0800021d   Thumb Code     0  rtexit2.o(.ARM.Collect$$rtexit$$00000003)
    __rt_exit_prels_1                        0x0800021d   Thumb Code     0  rtexit2.o(.ARM.Collect$$rtexit$$00000002)
    __rt_exit_exit                           0x08000221   Thumb Code     0  rtexit2.o(.ARM.Collect$$rtexit$$00000004)
    Reset_Handler                            0x08000229   Thumb Code     8  startup_stm32f405xx.o(.text)
    ADC_IRQHandler                           0x08000243   Thumb Code     0  startup_stm32f405xx.o(.text)
    CAN1_RX0_IRQHandler                      0x08000243   Thumb Code     0  startup_stm32f405xx.o(.text)
    CAN1_SCE_IRQHandler                      0x08000243   Thumb Code     0  startup_stm32f405xx.o(.text)
    CAN1_TX_IRQHandler                       0x08000243   Thumb Code     0  startup_stm32f405xx.o(.text)
    CAN2_RX0_IRQHandler                      0x08000243   Thumb Code     0  startup_stm32f405xx.o(.text)
    CAN2_RX1_IRQHandler                      0x08000243   Thumb Code     0  startup_stm32f405xx.o(.text)
    CAN2_SCE_IRQHandler                      0x08000243   Thumb Code     0  startup_stm32f405xx.o(.text)
    CAN2_TX_IRQHandler                       0x08000243   Thumb Code     0  startup_stm32f405xx.o(.text)
    DMA1_Stream0_IRQHandler                  0x08000243   Thumb Code     0  startup_stm32f405xx.o(.text)
    DMA1_Stream1_IRQHandler                  0x08000243   Thumb Code     0  startup_stm32f405xx.o(.text)
    DMA1_Stream2_IRQHandler                  0x08000243   Thumb Code     0  startup_stm32f405xx.o(.text)
    DMA1_Stream3_IRQHandler                  0x08000243   Thumb Code     0  startup_stm32f405xx.o(.text)
    DMA1_Stream4_IRQHandler                  0x08000243   Thumb Code     0  startup_stm32f405xx.o(.text)
    DMA1_Stream5_IRQHandler                  0x08000243   Thumb Code     0  startup_stm32f405xx.o(.text)
    DMA1_Stream6_IRQHandler                  0x08000243   Thumb Code     0  startup_stm32f405xx.o(.text)
    DMA1_Stream7_IRQHandler                  0x08000243   Thumb Code     0  startup_stm32f405xx.o(.text)
    DMA2_Stream0_IRQHandler                  0x08000243   Thumb Code     0  startup_stm32f405xx.o(.text)
    DMA2_Stream1_IRQHandler                  0x08000243   Thumb Code     0  startup_stm32f405xx.o(.text)
    DMA2_Stream2_IRQHandler                  0x08000243   Thumb Code     0  startup_stm32f405xx.o(.text)
    DMA2_Stream3_IRQHandler                  0x08000243   Thumb Code     0  startup_stm32f405xx.o(.text)
    DMA2_Stream4_IRQHandler                  0x08000243   Thumb Code     0  startup_stm32f405xx.o(.text)
    DMA2_Stream5_IRQHandler                  0x08000243   Thumb Code     0  startup_stm32f405xx.o(.text)
    DMA2_Stream6_IRQHandler                  0x08000243   Thumb Code     0  startup_stm32f405xx.o(.text)
    DMA2_Stream7_IRQHandler                  0x08000243   Thumb Code     0  startup_stm32f405xx.o(.text)
    EXTI0_IRQHandler                         0x08000243   Thumb Code     0  startup_stm32f405xx.o(.text)
    EXTI15_10_IRQHandler                     0x08000243   Thumb Code     0  startup_stm32f405xx.o(.text)
    EXTI1_IRQHandler                         0x08000243   Thumb Code     0  startup_stm32f405xx.o(.text)
    EXTI2_IRQHandler                         0x08000243   Thumb Code     0  startup_stm32f405xx.o(.text)
    EXTI3_IRQHandler                         0x08000243   Thumb Code     0  startup_stm32f405xx.o(.text)
    EXTI4_IRQHandler                         0x08000243   Thumb Code     0  startup_stm32f405xx.o(.text)
    EXTI9_5_IRQHandler                       0x08000243   Thumb Code     0  startup_stm32f405xx.o(.text)
    FLASH_IRQHandler                         0x08000243   Thumb Code     0  startup_stm32f405xx.o(.text)
    FMC_IRQHandler                           0x08000243   Thumb Code     0  startup_stm32f405xx.o(.text)
    FPU_IRQHandler                           0x08000243   Thumb Code     0  startup_stm32f405xx.o(.text)
    HASH_RNG_IRQHandler                      0x08000243   Thumb Code     0  startup_stm32f405xx.o(.text)
    I2C1_ER_IRQHandler                       0x08000243   Thumb Code     0  startup_stm32f405xx.o(.text)
    I2C1_EV_IRQHandler                       0x08000243   Thumb Code     0  startup_stm32f405xx.o(.text)
    I2C2_ER_IRQHandler                       0x08000243   Thumb Code     0  startup_stm32f405xx.o(.text)
    I2C2_EV_IRQHandler                       0x08000243   Thumb Code     0  startup_stm32f405xx.o(.text)
    I2C3_ER_IRQHandler                       0x08000243   Thumb Code     0  startup_stm32f405xx.o(.text)
    I2C3_EV_IRQHandler                       0x08000243   Thumb Code     0  startup_stm32f405xx.o(.text)
    OTG_FS_IRQHandler                        0x08000243   Thumb Code     0  startup_stm32f405xx.o(.text)
    OTG_FS_WKUP_IRQHandler                   0x08000243   Thumb Code     0  startup_stm32f405xx.o(.text)
    OTG_HS_EP1_IN_IRQHandler                 0x08000243   Thumb Code     0  startup_stm32f405xx.o(.text)
    OTG_HS_EP1_OUT_IRQHandler                0x08000243   Thumb Code     0  startup_stm32f405xx.o(.text)
    OTG_HS_IRQHandler                        0x08000243   Thumb Code     0  startup_stm32f405xx.o(.text)
    OTG_HS_WKUP_IRQHandler                   0x08000243   Thumb Code     0  startup_stm32f405xx.o(.text)
    PVD_IRQHandler                           0x08000243   Thumb Code     0  startup_stm32f405xx.o(.text)
    RCC_IRQHandler                           0x08000243   Thumb Code     0  startup_stm32f405xx.o(.text)
    RTC_Alarm_IRQHandler                     0x08000243   Thumb Code     0  startup_stm32f405xx.o(.text)
    RTC_WKUP_IRQHandler                      0x08000243   Thumb Code     0  startup_stm32f405xx.o(.text)
    SDIO_IRQHandler                          0x08000243   Thumb Code     0  startup_stm32f405xx.o(.text)
    SPI1_IRQHandler                          0x08000243   Thumb Code     0  startup_stm32f405xx.o(.text)
    SPI2_IRQHandler                          0x08000243   Thumb Code     0  startup_stm32f405xx.o(.text)
    SPI3_IRQHandler                          0x08000243   Thumb Code     0  startup_stm32f405xx.o(.text)
    TAMP_STAMP_IRQHandler                    0x08000243   Thumb Code     0  startup_stm32f405xx.o(.text)
    TIM1_BRK_TIM9_IRQHandler                 0x08000243   Thumb Code     0  startup_stm32f405xx.o(.text)
    TIM1_CC_IRQHandler                       0x08000243   Thumb Code     0  startup_stm32f405xx.o(.text)
    TIM1_TRG_COM_TIM11_IRQHandler            0x08000243   Thumb Code     0  startup_stm32f405xx.o(.text)
    TIM2_IRQHandler                          0x08000243   Thumb Code     0  startup_stm32f405xx.o(.text)
    TIM3_IRQHandler                          0x08000243   Thumb Code     0  startup_stm32f405xx.o(.text)
    TIM4_IRQHandler                          0x08000243   Thumb Code     0  startup_stm32f405xx.o(.text)
    TIM5_IRQHandler                          0x08000243   Thumb Code     0  startup_stm32f405xx.o(.text)
    TIM6_DAC_IRQHandler                      0x08000243   Thumb Code     0  startup_stm32f405xx.o(.text)
    TIM7_IRQHandler                          0x08000243   Thumb Code     0  startup_stm32f405xx.o(.text)
    TIM8_BRK_TIM12_IRQHandler                0x08000243   Thumb Code     0  startup_stm32f405xx.o(.text)
    TIM8_CC_IRQHandler                       0x08000243   Thumb Code     0  startup_stm32f405xx.o(.text)
    TIM8_TRG_COM_TIM14_IRQHandler            0x08000243   Thumb Code     0  startup_stm32f405xx.o(.text)
    TIM8_UP_TIM13_IRQHandler                 0x08000243   Thumb Code     0  startup_stm32f405xx.o(.text)
    UART4_IRQHandler                         0x08000243   Thumb Code     0  startup_stm32f405xx.o(.text)
    UART5_IRQHandler                         0x08000243   Thumb Code     0  startup_stm32f405xx.o(.text)
    USART1_IRQHandler                        0x08000243   Thumb Code     0  startup_stm32f405xx.o(.text)
    USART2_IRQHandler                        0x08000243   Thumb Code     0  startup_stm32f405xx.o(.text)
    USART3_IRQHandler                        0x08000243   Thumb Code     0  startup_stm32f405xx.o(.text)
    USART6_IRQHandler                        0x08000243   Thumb Code     0  startup_stm32f405xx.o(.text)
    WWDG_IRQHandler                          0x08000243   Thumb Code     0  startup_stm32f405xx.o(.text)
    __user_initial_stackheap                 0x08000245   Thumb Code     0  startup_stm32f405xx.o(.text)
    __aeabi_uldivmod                         0x08000269   Thumb Code     0  lludivv7m.o(.text)
    _ll_udiv                                 0x08000269   Thumb Code   240  lludivv7m.o(.text)
    __aeabi_memcpy4                          0x08000359   Thumb Code     0  rt_memcpy_w.o(.text)
    __aeabi_memcpy8                          0x08000359   Thumb Code     0  rt_memcpy_w.o(.text)
    __rt_memcpy_w                            0x08000359   Thumb Code   100  rt_memcpy_w.o(.text)
    _memcpy_lastbytes_aligned                0x080003a1   Thumb Code     0  rt_memcpy_w.o(.text)
    __aeabi_memclr4                          0x080003bd   Thumb Code     0  rt_memclr_w.o(.text)
    __aeabi_memclr8                          0x080003bd   Thumb Code     0  rt_memclr_w.o(.text)
    __rt_memclr_w                            0x080003bd   Thumb Code    78  rt_memclr_w.o(.text)
    _memset_w                                0x080003c1   Thumb Code     0  rt_memclr_w.o(.text)
    __use_two_region_memory                  0x0800040b   Thumb Code     2  heapauxi.o(.text)
    __rt_heap_escrow$2region                 0x0800040d   Thumb Code     2  heapauxi.o(.text)
    __rt_heap_expand$2region                 0x0800040f   Thumb Code     2  heapauxi.o(.text)
    __read_errno                             0x08000411   Thumb Code    10  _rserrno.o(.text)
    __set_errno                              0x0800041b   Thumb Code    12  _rserrno.o(.text)
    __aeabi_errno_addr                       0x08000429   Thumb Code     8  rt_errno_addr_intlibspace.o(.text)
    __errno$intlibspace                      0x08000429   Thumb Code     0  rt_errno_addr_intlibspace.o(.text)
    __rt_errno_addr$intlibspace              0x08000429   Thumb Code     0  rt_errno_addr_intlibspace.o(.text)
    __user_libspace                          0x08000431   Thumb Code     8  libspace.o(.text)
    __user_perproc_libspace                  0x08000431   Thumb Code     0  libspace.o(.text)
    __user_perthread_libspace                0x08000431   Thumb Code     0  libspace.o(.text)
    __user_setup_stackheap                   0x08000439   Thumb Code    74  sys_stackheap_outer.o(.text)
    exit                                     0x08000483   Thumb Code    18  exit.o(.text)
    _sys_exit                                0x08000495   Thumb Code     8  sys_exit.o(.text)
    __I$use$semihosting                      0x080004a1   Thumb Code     0  use_no_semi.o(.text)
    __use_no_semihosting_swi                 0x080004a1   Thumb Code     2  use_no_semi.o(.text)
    BusFault_Handler                         0x080004a3   Thumb Code     2  stm32f4xx_it.o(.text.BusFault_Handler)
    __semihosting_library_function           0x080004a3   Thumb Code     0  indicate_semi.o(.text)
    CAN1_RX1_IRQHandler                      0x080004a5   Thumb Code    12  stm32f4xx_it.o(.text.CAN1_RX1_IRQHandler)
    DebugMon_Handler                         0x080004b1   Thumb Code     2  stm32f4xx_it.o(.text.DebugMon_Handler)
    Error_Handler                            0x080004b3   Thumb Code     2  sys.o(.text.Error_Handler)
    FLASH_Erase_Sector                       0x080004b5   Thumb Code    56  stm32f4xx_hal_flash_ex.o(.text.FLASH_Erase_Sector)
    FLASH_FlushCaches                        0x080004ed   Thumb Code    84  stm32f4xx_hal_flash_ex.o(.text.FLASH_FlushCaches)
    FLASH_WaitForLastOperation               0x0800064d   Thumb Code    84  stm32f4xx_hal_flash.o(.text.FLASH_WaitForLastOperation)
    FastCos                                  0x080006a1   Thumb Code    16  fastmath.o(.text.FastCos)
    FastSin                                  0x080006b1   Thumb Code    84  fastmath.o(.text.FastSin)
    HAL_ADCEx_MultiModeConfigChannel         0x08000705   Thumb Code    76  stm32f4xx_hal_adc_ex.o(.text.HAL_ADCEx_MultiModeConfigChannel)
    HAL_ADC_ConfigChannel                    0x08000751   Thumb Code   232  stm32f4xx_hal_adc.o(.text.HAL_ADC_ConfigChannel)
    HAL_ADC_Init                             0x08000839   Thumb Code   324  stm32f4xx_hal_adc.o(.text.HAL_ADC_Init)
    HAL_ADC_MspInit                          0x0800097d   Thumb Code   216  adc.o(.text.HAL_ADC_MspInit)
    HAL_CAN_ErrorCallback                    0x08000a55   Thumb Code     2  stm32f4xx_hal_can.o(.text.HAL_CAN_ErrorCallback)
    HAL_CAN_GetRxMessage                     0x08000a57   Thumb Code   260  stm32f4xx_hal_can.o(.text.HAL_CAN_GetRxMessage)
    HAL_CAN_IRQHandler                       0x08000b5d   Thumb Code   504  stm32f4xx_hal_can.o(.text.HAL_CAN_IRQHandler)
    HAL_CAN_RxFifo0FullCallback              0x08000d55   Thumb Code     2  stm32f4xx_hal_can.o(.text.HAL_CAN_RxFifo0FullCallback)
    HAL_CAN_RxFifo0MsgPendingCallback        0x08000d59   Thumb Code    48  can.o(.text.HAL_CAN_RxFifo0MsgPendingCallback)
    HAL_CAN_RxFifo1FullCallback              0x08000d89   Thumb Code     2  stm32f4xx_hal_can.o(.text.HAL_CAN_RxFifo1FullCallback)
    HAL_CAN_RxFifo1MsgPendingCallback        0x08000d8b   Thumb Code     2  stm32f4xx_hal_can.o(.text.HAL_CAN_RxFifo1MsgPendingCallback)
    HAL_CAN_SleepCallback                    0x08000d8d   Thumb Code     2  stm32f4xx_hal_can.o(.text.HAL_CAN_SleepCallback)
    HAL_CAN_TxMailbox0AbortCallback          0x08000d8f   Thumb Code     2  stm32f4xx_hal_can.o(.text.HAL_CAN_TxMailbox0AbortCallback)
    HAL_CAN_TxMailbox0CompleteCallback       0x08000d91   Thumb Code     2  stm32f4xx_hal_can.o(.text.HAL_CAN_TxMailbox0CompleteCallback)
    HAL_CAN_TxMailbox1AbortCallback          0x08000d93   Thumb Code     2  stm32f4xx_hal_can.o(.text.HAL_CAN_TxMailbox1AbortCallback)
    HAL_CAN_TxMailbox1CompleteCallback       0x08000d95   Thumb Code     2  stm32f4xx_hal_can.o(.text.HAL_CAN_TxMailbox1CompleteCallback)
    HAL_CAN_TxMailbox2AbortCallback          0x08000d97   Thumb Code     2  stm32f4xx_hal_can.o(.text.HAL_CAN_TxMailbox2AbortCallback)
    HAL_CAN_TxMailbox2CompleteCallback       0x08000d99   Thumb Code     2  stm32f4xx_hal_can.o(.text.HAL_CAN_TxMailbox2CompleteCallback)
    HAL_CAN_WakeUpFromRxMsgCallback          0x08000d9b   Thumb Code     2  stm32f4xx_hal_can.o(.text.HAL_CAN_WakeUpFromRxMsgCallback)
    HAL_FLASHEx_Erase                        0x08000d9d   Thumb Code   156  stm32f4xx_hal_flash_ex.o(.text.HAL_FLASHEx_Erase)
    HAL_FLASH_Lock                           0x08000e39   Thumb Code    16  stm32f4xx_hal_flash.o(.text.HAL_FLASH_Lock)
    HAL_FLASH_Program                        0x08000e49   Thumb Code   132  stm32f4xx_hal_flash.o(.text.HAL_FLASH_Program)
    HAL_FLASH_Unlock                         0x08000ecd   Thumb Code    40  stm32f4xx_hal_flash.o(.text.HAL_FLASH_Unlock)
    HAL_GPIO_Init                            0x08000ef5   Thumb Code   396  stm32f4xx_hal_gpio.o(.text.HAL_GPIO_Init)
    HAL_GPIO_WritePin                        0x08001081   Thumb Code    10  stm32f4xx_hal_gpio.o(.text.HAL_GPIO_WritePin)
    HAL_GetTick                              0x0800108d   Thumb Code     8  stm32f4xx_hal.o(.text.HAL_GetTick)
    HAL_IncTick                              0x08001095   Thumb Code    20  stm32f4xx_hal.o(.text.HAL_IncTick)
    HAL_Init                                 0x080010a9   Thumb Code    52  stm32f4xx_hal.o(.text.HAL_Init)
    HAL_InitTick                             0x080010dd   Thumb Code    60  stm32f4xx_hal.o(.text.HAL_InitTick)
    HAL_MspInit                              0x08001119   Thumb Code    56  stm32f4xx_hal_msp.o(.text.HAL_MspInit)
    HAL_NVIC_EnableIRQ                       0x08001151   Thumb Code    28  stm32f4xx_hal_cortex.o(.text.HAL_NVIC_EnableIRQ)
    HAL_NVIC_SetPriority                     0x0800116d   Thumb Code    56  stm32f4xx_hal_cortex.o(.text.HAL_NVIC_SetPriority)
    HAL_NVIC_SetPriorityGrouping             0x080011a5   Thumb Code    32  stm32f4xx_hal_cortex.o(.text.HAL_NVIC_SetPriorityGrouping)
    HAL_RCC_ClockConfig                      0x080011c5   Thumb Code   292  stm32f4xx_hal_rcc.o(.text.HAL_RCC_ClockConfig)
    HAL_RCC_GetSysClockFreq                  0x080012e9   Thumb Code    92  stm32f4xx_hal_rcc.o(.text.HAL_RCC_GetSysClockFreq)
    HAL_RCC_OscConfig                        0x08001345   Thumb Code   736  stm32f4xx_hal_rcc.o(.text.HAL_RCC_OscConfig)
    HAL_SPI_Init                             0x08001625   Thumb Code   120  stm32f4xx_hal_spi.o(.text.HAL_SPI_Init)
    HAL_SPI_MspInit                          0x0800169d   Thumb Code   192  spi.o(.text.HAL_SPI_MspInit)
    HAL_SPI_Receive                          0x0800175d   Thumb Code   302  stm32f4xx_hal_spi.o(.text.HAL_SPI_Receive)
    HAL_SPI_Transmit                         0x0800188b   Thumb Code   348  stm32f4xx_hal_spi.o(.text.HAL_SPI_Transmit)
    HAL_SPI_TransmitReceive                  0x080019e7   Thumb Code   464  stm32f4xx_hal_spi.o(.text.HAL_SPI_TransmitReceive)
    HAL_SYSTICK_CLKSourceConfig              0x08001bb9   Thumb Code    20  stm32f4xx_hal_cortex.o(.text.HAL_SYSTICK_CLKSourceConfig)
    HAL_SYSTICK_Config                       0x08001bcd   Thumb Code    40  stm32f4xx_hal_cortex.o(.text.HAL_SYSTICK_Config)
    HAL_TIMEx_BreakCallback                  0x08001bf5   Thumb Code     2  stm32f4xx_hal_tim_ex.o(.text.HAL_TIMEx_BreakCallback)
    HAL_TIMEx_CommutCallback                 0x08001bf7   Thumb Code     2  stm32f4xx_hal_tim_ex.o(.text.HAL_TIMEx_CommutCallback)
    HAL_TIMEx_ConfigBreakDeadTime            0x08001bf9   Thumb Code    78  stm32f4xx_hal_tim_ex.o(.text.HAL_TIMEx_ConfigBreakDeadTime)
    HAL_TIMEx_MasterConfigSynchronization    0x08001c47   Thumb Code    58  stm32f4xx_hal_tim_ex.o(.text.HAL_TIMEx_MasterConfigSynchronization)
    HAL_TIM_Base_Start_IT                    0x08001c81   Thumb Code    32  stm32f4xx_hal_tim.o(.text.HAL_TIM_Base_Start_IT)
    HAL_TIM_IC_CaptureCallback               0x08001ca1   Thumb Code     2  stm32f4xx_hal_tim.o(.text.HAL_TIM_IC_CaptureCallback)
    HAL_TIM_IRQHandler                       0x08001ca3   Thumb Code   364  stm32f4xx_hal_tim.o(.text.HAL_TIM_IRQHandler)
    HAL_TIM_OC_DelayElapsedCallback          0x08001e0f   Thumb Code     2  stm32f4xx_hal_tim.o(.text.HAL_TIM_OC_DelayElapsedCallback)
    HAL_TIM_PWM_ConfigChannel                0x08001e11   Thumb Code   156  stm32f4xx_hal_tim.o(.text.HAL_TIM_PWM_ConfigChannel)
    HAL_TIM_PWM_Init                         0x08001ead   Thumb Code    52  stm32f4xx_hal_tim.o(.text.HAL_TIM_PWM_Init)
    HAL_TIM_PWM_MspInit                      0x08001ee1   Thumb Code    44  tim.o(.text.HAL_TIM_PWM_MspInit)
    HAL_TIM_PWM_PulseFinishedCallback        0x08001f0d   Thumb Code     2  stm32f4xx_hal_tim.o(.text.HAL_TIM_PWM_PulseFinishedCallback)
    HAL_TIM_PWM_Start                        0x08001f11   Thumb Code    60  stm32f4xx_hal_tim.o(.text.HAL_TIM_PWM_Start)
    HAL_TIM_PeriodElapsedCallback            0x08001f4d   Thumb Code     2  stm32f4xx_hal_tim.o(.text.HAL_TIM_PeriodElapsedCallback)
    HAL_TIM_TriggerCallback                  0x08001f4f   Thumb Code     2  stm32f4xx_hal_tim.o(.text.HAL_TIM_TriggerCallback)
    HardFault_Handler                        0x08001f51   Thumb Code     2  stm32f4xx_it.o(.text.HardFault_Handler)
    LUT_Write                                0x08001f55   Thumb Code    24  position.o(.text.LUT_Write)
    MX_ADC1_Init                             0x08001f6d   Thumb Code   144  adc.o(.text.MX_ADC1_Init)
    MX_ADC2_Init                             0x08001ffd   Thumb Code   100  adc.o(.text.MX_ADC2_Init)
    MX_ADC3_Init                             0x08002061   Thumb Code   100  adc.o(.text.MX_ADC3_Init)
    MX_SPI1_Init                             0x080020c5   Thumb Code    76  spi.o(.text.MX_SPI1_Init)
    MX_SPI3_Init                             0x08002111   Thumb Code    76  spi.o(.text.MX_SPI3_Init)
    MX_TIM1_Init                             0x0800215d   Thumb Code   308  tim.o(.text.MX_TIM1_Init)
    MemManage_Handler                        0x08002291   Thumb Code     2  stm32f4xx_it.o(.text.MemManage_Handler)
    NMI_Handler                              0x08002293   Thumb Code     2  stm32f4xx_it.o(.text.NMI_Handler)
    PS_Value                                 0x08002295   Thumb Code   396  position.o(.text.PS_Value)
    PendSV_Handler                           0x08002421   Thumb Code     2  stm32f4xx_it.o(.text.PendSV_Handler)
    SPI5012_Receive                          0x08002425   Thumb Code    28  tle5012b.o(.text.SPI5012_Receive)
    SPI5012_Transmit                         0x08002441   Thumb Code    28  tle5012b.o(.text.SPI5012_Transmit)
    SVC_Handler                              0x0800252b   Thumb Code     2  stm32f4xx_it.o(.text.SVC_Handler)
    SysNVIC_SetPriority                      0x0800252d   Thumb Code    22  sys.o(.text.SysNVIC_SetPriority)
    SysTick_Handler                          0x08002543   Thumb Code     4  stm32f4xx_it.o(.text.SysTick_Handler)
    SystemClock_Config                       0x08002549   Thumb Code   140  sys.o(.text.SystemClock_Config)
    SystemInit                               0x080025d5   Thumb Code    76  system_stm32f4xx.o(.text.SystemInit)
    TIM1_UP_TIM10_IRQHandler                 0x08002621   Thumb Code   356  main.o(.text.TIM1_UP_TIM10_IRQHandler)
    TIM_Base_SetConfig                       0x08002785   Thumb Code   208  stm32f4xx_hal_tim.o(.text.TIM_Base_SetConfig)
    TIM_CCxChannelCmd                        0x08002855   Thumb Code    30  stm32f4xx_hal_tim.o(.text.TIM_CCxChannelCmd)
    TIM_OC2_SetConfig                        0x080028c9   Thumb Code    96  stm32f4xx_hal_tim.o(.text.TIM_OC2_SetConfig)
    TLE5012B_init                            0x080029d5   Thumb Code    76  tle5012b.o(.text.TLE5012B_init)
    TLE5012_ReadValue                        0x08002a21   Thumb Code    28  tle5012b.o(.text.TLE5012_ReadValue)
    UsageFault_Handler                       0x08002a3d   Thumb Code     2  stm32f4xx_it.o(.text.UsageFault_Handler)
    abc                                      0x08002a65   Thumb Code   136  foc.o(.text.abc)
    calibrate                                0x08002af1   Thumb Code  1412  calibration.o(.text.calibrate)
    commutate                                0x08003075   Thumb Code   680  foc.o(.text.commutate)
    delay_init                               0x0800331d   Thumb Code    16  delay.o(.text.delay_init)
    delay_ms                                 0x0800332d   Thumb Code    20  delay.o(.text.delay_ms)
    delay_us                                 0x08003341   Thumb Code    52  delay.o(.text.delay_us)
    dq0                                      0x08003375   Thumb Code   148  foc.o(.text.dq0)
    drv8323_init                             0x08003409   Thumb Code   200  drv8323.o(.text.drv8323_init)
    drv_calibrate                            0x0800350d   Thumb Code     8  drv8323.o(.text.drv_calibrate)
    drv_disable_gd                           0x08003515   Thumb Code    24  drv8323.o(.text.drv_disable_gd)
    drv_enable_gd                            0x0800352d   Thumb Code    26  drv8323.o(.text.drv_enable_gd)
    flash_load                               0x08003549   Thumb Code    60  flash.o(.text.flash_load)
    flash_write                              0x08003585   Thumb Code   180  flash.o(.text.flash_write)
    init_controller_params                   0x08003639   Thumb Code    40  foc.o(.text.init_controller_params)
    led_Init                                 0x08003661   Thumb Code   116  led.o(.text.led_Init)
    limit_norm                               0x080036d5   Thumb Code   106  fastmath.o(.text.limit_norm)
    main                                     0x08003741   Thumb Code   188  main.o(.text.main)
    order_phases                             0x080037fd   Thumb Code   428  calibration.o(.text.order_phases)
    reset_foc                                0x080039a9   Thumb Code    36  foc.o(.text.reset_foc)
    reset_observer                           0x080039cd   Thumb Code    48  foc.o(.text.reset_observer)
    svm                                      0x080039fd   Thumb Code   256  foc.o(.text.svm)
    torque_control                           0x08003afd   Thumb Code    68  foc.o(.text.torque_control)
    zero_current                             0x08003b41   Thumb Code   108  foc.o(.text.zero_current)
    __ARM_fpclassify                         0x08003bad   Thumb Code    48  fpclassify.o(i.__ARM_fpclassify)
    __ARM_fpclassifyf                        0x08003bdd   Thumb Code    38  fpclassifyf.o(i.__ARM_fpclassifyf)
    __hardfp_fmaxf                           0x08003c03   Thumb Code    72  fmaxf.o(i.__hardfp_fmaxf)
    __hardfp_fminf                           0x08003c4b   Thumb Code    72  fminf.o(i.__hardfp_fminf)
    __hardfp_fmod                            0x08003c95   Thumb Code   254  fmod.o(i.__hardfp_fmod)
    __hardfp_pow                             0x08003d99   Thumb Code  3072  pow.o(i.__hardfp_pow)
    __hardfp_sinf                            0x080049e9   Thumb Code   344  sinf.o(i.__hardfp_sinf)
    __hardfp_sqrt                            0x08004b79   Thumb Code   122  sqrt.o(i.__hardfp_sqrt)
    __kernel_poly                            0x08004bf3   Thumb Code   248  poly.o(i.__kernel_poly)
    __mathlib_dbl_divzero                    0x08004cf1   Thumb Code    28  dunder.o(i.__mathlib_dbl_divzero)
    __mathlib_dbl_infnan2                    0x08004d21   Thumb Code    20  dunder.o(i.__mathlib_dbl_infnan2)
    __mathlib_dbl_invalid                    0x08004d39   Thumb Code    24  dunder.o(i.__mathlib_dbl_invalid)
    __mathlib_dbl_overflow                   0x08004d59   Thumb Code    24  dunder.o(i.__mathlib_dbl_overflow)
    __mathlib_dbl_underflow                  0x08004d79   Thumb Code    24  dunder.o(i.__mathlib_dbl_underflow)
    __mathlib_flt_infnan                     0x08004d99   Thumb Code     6  funder.o(i.__mathlib_flt_infnan)
    __mathlib_flt_invalid                    0x08004da1   Thumb Code    10  funder.o(i.__mathlib_flt_invalid)
    __mathlib_flt_underflow                  0x08004db1   Thumb Code    10  funder.o(i.__mathlib_flt_underflow)
    __mathlib_rredf2                         0x08004dc1   Thumb Code   316  rredf.o(i.__mathlib_rredf2)
    fabs                                     0x08004f15   Thumb Code    24  fabs.o(i.fabs)
    sqrt                                     0x08004f2d   Thumb Code   110  sqrt.o(i.sqrt)
    __aeabi_dneg                             0x08004f9b   Thumb Code     0  basic.o(x$fpl$basic)
    _dneg                                    0x08004f9b   Thumb Code     6  basic.o(x$fpl$basic)
    __aeabi_fneg                             0x08004fa1   Thumb Code     0  basic.o(x$fpl$basic)
    _fneg                                    0x08004fa1   Thumb Code     6  basic.o(x$fpl$basic)
    _dabs                                    0x08004fa7   Thumb Code     6  basic.o(x$fpl$basic)
    _fabs                                    0x08004fad   Thumb Code     6  basic.o(x$fpl$basic)
    __aeabi_d2f                              0x08004fb5   Thumb Code     0  d2f.o(x$fpl$d2f)
    _d2f                                     0x08004fb5   Thumb Code    98  d2f.o(x$fpl$d2f)
    __aeabi_dadd                             0x08005019   Thumb Code     0  daddsub_clz.o(x$fpl$dadd)
    _dadd                                    0x08005019   Thumb Code   332  daddsub_clz.o(x$fpl$dadd)
    __fpl_dcheck_NaN1                        0x08005169   Thumb Code    10  dcheck1.o(x$fpl$dcheck1)
    __fpl_dcmp_Inf                           0x08005179   Thumb Code    24  dcmpi.o(x$fpl$dcmpinf)
    __aeabi_ddiv                             0x08005191   Thumb Code     0  ddiv.o(x$fpl$ddiv)
    _ddiv                                    0x08005191   Thumb Code   552  ddiv.o(x$fpl$ddiv)
    __aeabi_i2d                              0x08005441   Thumb Code     0  dflt_clz.o(x$fpl$dflt)
    _dflt                                    0x08005441   Thumb Code    46  dflt_clz.o(x$fpl$dflt)
    __aeabi_cdcmple                          0x08005471   Thumb Code     0  dleqf.o(x$fpl$dleqf)
    _dcmple                                  0x08005471   Thumb Code   120  dleqf.o(x$fpl$dleqf)
    __fpl_dcmple_InfNaN                      0x080054d3   Thumb Code     0  dleqf.o(x$fpl$dleqf)
    __aeabi_dmul                             0x080054e9   Thumb Code     0  dmul.o(x$fpl$dmul)
    _dmul                                    0x080054e9   Thumb Code   332  dmul.o(x$fpl$dmul)
    __fpl_dnaninf                            0x0800563d   Thumb Code   156  dnaninf.o(x$fpl$dnaninf)
    _drem                                    0x080056d9   Thumb Code   328  drem_clz.o(x$fpl$drem)
    __fpl_dretinf                            0x08005829   Thumb Code    12  dretinf.o(x$fpl$dretinf)
    __aeabi_cdrcmple                         0x08005835   Thumb Code     0  drleqf.o(x$fpl$drleqf)
    _drcmple                                 0x08005835   Thumb Code   108  drleqf.o(x$fpl$drleqf)
    __aeabi_drsub                            0x080058a1   Thumb Code     0  daddsub_clz.o(x$fpl$drsb)
    _drsb                                    0x080058a1   Thumb Code    22  daddsub_clz.o(x$fpl$drsb)
    _dsqrt                                   0x080058b9   Thumb Code   404  dsqrt_umaal.o(x$fpl$dsqrt)
    __aeabi_dsub                             0x08005a51   Thumb Code     0  daddsub_clz.o(x$fpl$dsub)
    _dsub                                    0x08005a51   Thumb Code   464  daddsub_clz.o(x$fpl$dsub)
    __aeabi_f2d                              0x08005c25   Thumb Code     0  f2d.o(x$fpl$f2d)
    _f2d                                     0x08005c25   Thumb Code    86  f2d.o(x$fpl$f2d)
    __fcmp4                                  0x08005c7d   Thumb Code    24  fcmp4.o(x$fpl$fcmp4)
    __ARM_fcmp4                              0x08005c95   Thumb Code     0  fcmp4.o(x$fpl$fcmp4)
    _fcmp4                                   0x08005c95   Thumb Code    58  fcmp4.o(x$fpl$fcmp4)
    __fpl_fcmp_Inf                           0x08005ccf   Thumb Code    24  fcmpi.o(x$fpl$fcmpinf)
    __fpl_fnaninf                            0x08005ce7   Thumb Code   140  fnaninf.o(x$fpl$fnaninf)
    _fp_init                                 0x08005d73   Thumb Code    26  fpinit.o(x$fpl$fpinit)
    __fplib_config_fpu_vfp                   0x08005d8b   Thumb Code     0  fpinit.o(x$fpl$fpinit)
    __fplib_config_pureend_doubles           0x08005d8b   Thumb Code     0  fpinit.o(x$fpl$fpinit)
    __fpl_fretinf                            0x08005d8d   Thumb Code    10  fretinf.o(x$fpl$fretinf)
    __fpl_return_NaN                         0x08005d97   Thumb Code   100  retnan.o(x$fpl$retnan)
    __ARM_scalbn                             0x08005dfb   Thumb Code    92  scalbn.o(x$fpl$scalbn)
    __fpl_cmpreturn                          0x08005e57   Thumb Code    48  trapv.o(x$fpl$trapveneer)
    __I$use$fp                               0x08005e86   Number         0  usenofp.o(x$fpl$usenofp)
    __mathlib_zero                           0x08005f10   Data           8  qnan.o(.constdata)
    AHBPrescTable                            0x08005f38   Data          16  system_stm32f4xx.o(.rodata.AHBPrescTable)
    SinTable                                 0x08005f48   Data        2048  fastmath.o(.rodata.SinTable)
    Region$$Table$$Base                      0x08006748   Number         0  anon$$obj.o(Region$$Table)
    Region$$Table$$Limit                     0x08006768   Number         0  anon$$obj.o(Region$$Table)
    uwTickFreq                               0x20000000   Data           1  stm32f4xx_hal.o(.data..L_MergedGlobals)
    uwTickPrio                               0x20000004   Data           4  stm32f4xx_hal.o(.data..L_MergedGlobals)
    SystemCoreClock                          0x20000008   Data           4  system_stm32f4xx.o(.data.SystemCoreClock)
    kp_q                                     0x2000000c   Data           4  foc.o(.data.kp_q)
    __libspace_start                         0x20000010   Data          96  libspace.o(.bss)
    __temporary_stack_top$libspace           0x20000070   Data           0  libspace.o(.bss)
    state                                    0x20000070   Data           1  main.o(.bss..L_MergedGlobals)
    state_change                             0x20000071   Data           1  main.o(.bss..L_MergedGlobals)
    PS                                       0x20000074   Data         724  position.o(.bss.PS)
    __float_reg                              0x20000348   Data         256  main.o(.bss.__float_reg)
    __int_reg                                0x20000448   Data        1024  main.o(.bss.__int_reg)
    controller                               0x20008048   Data         704  foc.o(.bss.controller)
    error                                    0x20008308   Data       10240  calibration.o(.bss.error)
    error_b                                  0x2000ab08   Data       10240  calibration.o(.bss.error_b)
    error_f                                  0x2000d308   Data       10240  calibration.o(.bss.error_f)
    error_filt                               0x2000fb08   Data       10240  calibration.o(.bss.error_filt)
    hadc1                                    0x2001230c   Data          72  adc.o(.bss.hadc1)
    hadc2                                    0x20012354   Data          72  adc.o(.bss.hadc2)
    hadc3                                    0x2001239c   Data          72  adc.o(.bss.hadc3)
    hcan1                                    0x200123e4   Data          40  can.o(.bss.hcan1)
    hspi1                                    0x2001240c   Data          88  spi.o(.bss.hspi1)
    hspi3                                    0x20012464   Data          88  spi.o(.bss.hspi3)
    htim1                                    0x200124bc   Data          64  tim.o(.bss.htim1)
    iq_eso                                   0x200124fc   Data          44  foc.o(.bss.iq_eso)
    observer                                 0x20012528   Data          32  foc.o(.bss.observer)
    pFlash                                   0x20012548   Data          32  stm32f4xx_hal_flash.o(.bss.pFlash)
    sectorError                              0x20012568   Data           4  flash.o(.bss.sectorError)
    uwTick                                   0x2001256c   Data           4  stm32f4xx_hal.o(.bss.uwTick)



==============================================================================

Memory Map of the image

  Image Entry point : 0x08000189

  Load Region LR_IROM1 (Base: 0x08000000, Size: 0x00006778, Max: 0x00100000, ABSOLUTE)

    Execution Region ER_IROM1 (Exec base: 0x08000000, Load base: 0x08000000, Size: 0x00006768, Max: 0x00100000, ABSOLUTE)

    Exec Addr    Load Addr    Size         Type   Attr      Idx    E Section Name        Object

    0x08000000   0x08000000   0x00000188   Data   RO           39    RESET               startup_stm32f405xx.o
    0x08000188   0x08000188   0x00000008   Code   RO         1419  * !!!main             c_w.l(__main.o)
    0x08000190   0x08000190   0x00000034   Code   RO         1770    !!!scatter          c_w.l(__scatter.o)
    0x080001c4   0x080001c4   0x0000001a   Code   RO         1772    !!handler_copy      c_w.l(__scatter_copy.o)
    0x080001de   0x080001de   0x00000002   PAD
    0x080001e0   0x080001e0   0x0000001c   Code   RO         1774    !!handler_zi        c_w.l(__scatter_zi.o)
    0x080001fc   0x080001fc   0x00000002   Code   RO         1633    .ARM.Collect$$libinit$$00000000  c_w.l(libinit.o)
    0x080001fe   0x080001fe   0x00000004   Code   RO         1644    .ARM.Collect$$libinit$$00000001  c_w.l(libinit2.o)
    0x08000202   0x08000202   0x00000000   Code   RO         1647    .ARM.Collect$$libinit$$00000004  c_w.l(libinit2.o)
    0x08000202   0x08000202   0x00000000   Code   RO         1650    .ARM.Collect$$libinit$$0000000A  c_w.l(libinit2.o)
    0x08000202   0x08000202   0x00000000   Code   RO         1652    .ARM.Collect$$libinit$$0000000C  c_w.l(libinit2.o)
    0x08000202   0x08000202   0x00000000   Code   RO         1654    .ARM.Collect$$libinit$$0000000E  c_w.l(libinit2.o)
    0x08000202   0x08000202   0x00000000   Code   RO         1657    .ARM.Collect$$libinit$$00000011  c_w.l(libinit2.o)
    0x08000202   0x08000202   0x00000000   Code   RO         1659    .ARM.Collect$$libinit$$00000013  c_w.l(libinit2.o)
    0x08000202   0x08000202   0x00000000   Code   RO         1661    .ARM.Collect$$libinit$$00000015  c_w.l(libinit2.o)
    0x08000202   0x08000202   0x00000000   Code   RO         1663    .ARM.Collect$$libinit$$00000017  c_w.l(libinit2.o)
    0x08000202   0x08000202   0x00000000   Code   RO         1665    .ARM.Collect$$libinit$$00000019  c_w.l(libinit2.o)
    0x08000202   0x08000202   0x00000000   Code   RO         1667    .ARM.Collect$$libinit$$0000001B  c_w.l(libinit2.o)
    0x08000202   0x08000202   0x00000000   Code   RO         1669    .ARM.Collect$$libinit$$0000001D  c_w.l(libinit2.o)
    0x08000202   0x08000202   0x00000000   Code   RO         1671    .ARM.Collect$$libinit$$0000001F  c_w.l(libinit2.o)
    0x08000202   0x08000202   0x00000000   Code   RO         1673    .ARM.Collect$$libinit$$00000021  c_w.l(libinit2.o)
    0x08000202   0x08000202   0x00000000   Code   RO         1675    .ARM.Collect$$libinit$$00000023  c_w.l(libinit2.o)
    0x08000202   0x08000202   0x00000000   Code   RO         1677    .ARM.Collect$$libinit$$00000025  c_w.l(libinit2.o)
    0x08000202   0x08000202   0x00000000   Code   RO         1681    .ARM.Collect$$libinit$$0000002C  c_w.l(libinit2.o)
    0x08000202   0x08000202   0x00000000   Code   RO         1683    .ARM.Collect$$libinit$$0000002E  c_w.l(libinit2.o)
    0x08000202   0x08000202   0x00000000   Code   RO         1685    .ARM.Collect$$libinit$$00000030  c_w.l(libinit2.o)
    0x08000202   0x08000202   0x00000000   Code   RO         1687    .ARM.Collect$$libinit$$00000032  c_w.l(libinit2.o)
    0x08000202   0x08000202   0x00000002   Code   RO         1688    .ARM.Collect$$libinit$$00000033  c_w.l(libinit2.o)
    0x08000204   0x08000204   0x00000002   Code   RO         1725    .ARM.Collect$$libshutdown$$00000000  c_w.l(libshutdown.o)
    0x08000206   0x08000206   0x00000000   Code   RO         1753    .ARM.Collect$$libshutdown$$00000002  c_w.l(libshutdown2.o)
    0x08000206   0x08000206   0x00000000   Code   RO         1755    .ARM.Collect$$libshutdown$$00000004  c_w.l(libshutdown2.o)
    0x08000206   0x08000206   0x00000000   Code   RO         1758    .ARM.Collect$$libshutdown$$00000007  c_w.l(libshutdown2.o)
    0x08000206   0x08000206   0x00000000   Code   RO         1761    .ARM.Collect$$libshutdown$$0000000A  c_w.l(libshutdown2.o)
    0x08000206   0x08000206   0x00000000   Code   RO         1763    .ARM.Collect$$libshutdown$$0000000C  c_w.l(libshutdown2.o)
    0x08000206   0x08000206   0x00000000   Code   RO         1766    .ARM.Collect$$libshutdown$$0000000F  c_w.l(libshutdown2.o)
    0x08000206   0x08000206   0x00000002   Code   RO         1767    .ARM.Collect$$libshutdown$$00000010  c_w.l(libshutdown2.o)
    0x08000208   0x08000208   0x00000000   Code   RO         1501    .ARM.Collect$$rtentry$$00000000  c_w.l(__rtentry.o)
    0x08000208   0x08000208   0x00000000   Code   RO         1590    .ARM.Collect$$rtentry$$00000002  c_w.l(__rtentry2.o)
    0x08000208   0x08000208   0x00000006   Code   RO         1602    .ARM.Collect$$rtentry$$00000004  c_w.l(__rtentry4.o)
    0x0800020e   0x0800020e   0x00000000   Code   RO         1592    .ARM.Collect$$rtentry$$00000009  c_w.l(__rtentry2.o)
    0x0800020e   0x0800020e   0x00000004   Code   RO         1593    .ARM.Collect$$rtentry$$0000000A  c_w.l(__rtentry2.o)
    0x08000212   0x08000212   0x00000000   Code   RO         1595    .ARM.Collect$$rtentry$$0000000C  c_w.l(__rtentry2.o)
    0x08000212   0x08000212   0x00000008   Code   RO         1596    .ARM.Collect$$rtentry$$0000000D  c_w.l(__rtentry2.o)
    0x0800021a   0x0800021a   0x00000002   Code   RO         1636    .ARM.Collect$$rtexit$$00000000  c_w.l(rtexit.o)
    0x0800021c   0x0800021c   0x00000000   Code   RO         1696    .ARM.Collect$$rtexit$$00000002  c_w.l(rtexit2.o)
    0x0800021c   0x0800021c   0x00000004   Code   RO         1697    .ARM.Collect$$rtexit$$00000003  c_w.l(rtexit2.o)
    0x08000220   0x08000220   0x00000006   Code   RO         1698    .ARM.Collect$$rtexit$$00000004  c_w.l(rtexit2.o)
    0x08000226   0x08000226   0x00000002   PAD
    0x08000228   0x08000228   0x00000040   Code   RO           40    .text               startup_stm32f405xx.o
    0x08000268   0x08000268   0x000000f0   Code   RO         1411    .text               c_w.l(lludivv7m.o)
    0x08000358   0x08000358   0x00000064   Code   RO         1413    .text               c_w.l(rt_memcpy_w.o)
    0x080003bc   0x080003bc   0x0000004e   Code   RO         1415    .text               c_w.l(rt_memclr_w.o)
    0x0800040a   0x0800040a   0x00000006   Code   RO         1417    .text               c_w.l(heapauxi.o)
    0x08000410   0x08000410   0x00000016   Code   RO         1506    .text               c_w.l(_rserrno.o)
    0x08000426   0x08000426   0x00000002   PAD
    0x08000428   0x08000428   0x00000008   Code   RO         1609    .text               c_w.l(rt_errno_addr_intlibspace.o)
    0x08000430   0x08000430   0x00000008   Code   RO         1617    .text               c_w.l(libspace.o)
    0x08000438   0x08000438   0x0000004a   Code   RO         1620    .text               c_w.l(sys_stackheap_outer.o)
    0x08000482   0x08000482   0x00000012   Code   RO         1622    .text               c_w.l(exit.o)
    0x08000494   0x08000494   0x0000000c   Code   RO         1691    .text               c_w.l(sys_exit.o)
    0x080004a0   0x080004a0   0x00000002   Code   RO         1714    .text               c_w.l(use_no_semi.o)
    0x080004a2   0x080004a2   0x00000000   Code   RO         1716    .text               c_w.l(indicate_semi.o)
    0x080004a2   0x080004a2   0x00000002   Code   RO           78    .text.BusFault_Handler  stm32f4xx_it.o
    0x080004a4   0x080004a4   0x0000000c   Code   RO           90    .text.CAN1_RX1_IRQHandler  stm32f4xx_it.o
    0x080004b0   0x080004b0   0x00000002   Code   RO           84    .text.DebugMon_Handler  stm32f4xx_it.o
    0x080004b2   0x080004b2   0x00000002   Code   RO          153    .text.Error_Handler  sys.o
    0x080004b4   0x080004b4   0x00000038   Code   RO         1218    .text.FLASH_Erase_Sector  stm32f4xx_hal_flash_ex.o
    0x080004ec   0x080004ec   0x00000054   Code   RO         1220    .text.FLASH_FlushCaches  stm32f4xx_hal_flash_ex.o
    0x08000540   0x08000540   0x00000020   Code   RO         1216    .text.FLASH_MassErase  stm32f4xx_hal_flash_ex.o
    0x08000560   0x08000560   0x0000001c   Code   RO          586    .text.FLASH_Program_Byte  stm32f4xx_hal_flash.o
    0x0800057c   0x0800057c   0x00000024   Code   RO          592    .text.FLASH_Program_DoubleWord  stm32f4xx_hal_flash.o
    0x080005a0   0x080005a0   0x00000020   Code   RO          588    .text.FLASH_Program_HalfWord  stm32f4xx_hal_flash.o
    0x080005c0   0x080005c0   0x00000024   Code   RO          590    .text.FLASH_Program_Word  stm32f4xx_hal_flash.o
    0x080005e4   0x080005e4   0x00000068   Code   RO          598    .text.FLASH_SetErrorCode  stm32f4xx_hal_flash.o
    0x0800064c   0x0800064c   0x00000054   Code   RO          584    .text.FLASH_WaitForLastOperation  stm32f4xx_hal_flash.o
    0x080006a0   0x080006a0   0x00000010   Code   RO         1239    .text.FastCos       fastmath.o
    0x080006b0   0x080006b0   0x00000054   Code   RO         1237    .text.FastSin       fastmath.o
    0x08000704   0x08000704   0x0000004c   Code   RO          411    .text.HAL_ADCEx_MultiModeConfigChannel  stm32f4xx_hal_adc_ex.o
    0x08000750   0x08000750   0x000000e8   Code   RO          366    .text.HAL_ADC_ConfigChannel  stm32f4xx_hal_adc.o
    0x08000838   0x08000838   0x00000144   Code   RO          324    .text.HAL_ADC_Init  stm32f4xx_hal_adc.o
    0x0800097c   0x0800097c   0x000000d8   Code   RO          106    .text.HAL_ADC_MspInit  adc.o
    0x08000a54   0x08000a54   0x00000002   Code   RO          486    .text.HAL_CAN_ErrorCallback  stm32f4xx_hal_can.o
    0x08000a56   0x08000a56   0x00000104   Code   RO          452    .text.HAL_CAN_GetRxMessage  stm32f4xx_hal_can.o
    0x08000b5a   0x08000b5a   0x00000002   PAD
    0x08000b5c   0x08000b5c   0x000001f8   Code   RO          460    .text.HAL_CAN_IRQHandler  stm32f4xx_hal_can.o
    0x08000d54   0x08000d54   0x00000002   Code   RO          474    .text.HAL_CAN_RxFifo0FullCallback  stm32f4xx_hal_can.o
    0x08000d56   0x08000d56   0x00000002   PAD
    0x08000d58   0x08000d58   0x00000030   Code   RO          198    .text.HAL_CAN_RxFifo0MsgPendingCallback  can.o
    0x08000d88   0x08000d88   0x00000002   Code   RO          478    .text.HAL_CAN_RxFifo1FullCallback  stm32f4xx_hal_can.o
    0x08000d8a   0x08000d8a   0x00000002   Code   RO          480    .text.HAL_CAN_RxFifo1MsgPendingCallback  stm32f4xx_hal_can.o
    0x08000d8c   0x08000d8c   0x00000002   Code   RO          482    .text.HAL_CAN_SleepCallback  stm32f4xx_hal_can.o
    0x08000d8e   0x08000d8e   0x00000002   Code   RO          464    .text.HAL_CAN_TxMailbox0AbortCallback  stm32f4xx_hal_can.o
    0x08000d90   0x08000d90   0x00000002   Code   RO          462    .text.HAL_CAN_TxMailbox0CompleteCallback  stm32f4xx_hal_can.o
    0x08000d92   0x08000d92   0x00000002   Code   RO          468    .text.HAL_CAN_TxMailbox1AbortCallback  stm32f4xx_hal_can.o
    0x08000d94   0x08000d94   0x00000002   Code   RO          466    .text.HAL_CAN_TxMailbox1CompleteCallback  stm32f4xx_hal_can.o
    0x08000d96   0x08000d96   0x00000002   Code   RO          472    .text.HAL_CAN_TxMailbox2AbortCallback  stm32f4xx_hal_can.o
    0x08000d98   0x08000d98   0x00000002   Code   RO          470    .text.HAL_CAN_TxMailbox2CompleteCallback  stm32f4xx_hal_can.o
    0x08000d9a   0x08000d9a   0x00000002   Code   RO          484    .text.HAL_CAN_WakeUpFromRxMsgCallback  stm32f4xx_hal_can.o
    0x08000d9c   0x08000d9c   0x0000009c   Code   RO         1214    .text.HAL_FLASHEx_Erase  stm32f4xx_hal_flash_ex.o
    0x08000e38   0x08000e38   0x00000010   Code   RO          606    .text.HAL_FLASH_Lock  stm32f4xx_hal_flash.o
    0x08000e48   0x08000e48   0x00000084   Code   RO          582    .text.HAL_FLASH_Program  stm32f4xx_hal_flash.o
    0x08000ecc   0x08000ecc   0x00000028   Code   RO          604    .text.HAL_FLASH_Unlock  stm32f4xx_hal_flash.o
    0x08000ef4   0x08000ef4   0x0000018c   Code   RO          626    .text.HAL_GPIO_Init  stm32f4xx_hal_gpio.o
    0x08001080   0x08001080   0x0000000a   Code   RO          632    .text.HAL_GPIO_WritePin  stm32f4xx_hal_gpio.o
    0x0800108a   0x0800108a   0x00000002   PAD
    0x0800108c   0x0800108c   0x00000008   Code   RO          222    .text.HAL_GetTick   stm32f4xx_hal.o
    0x08001094   0x08001094   0x00000014   Code   RO          220    .text.HAL_IncTick   stm32f4xx_hal.o
    0x080010a8   0x080010a8   0x00000034   Code   RO          210    .text.HAL_Init      stm32f4xx_hal.o
    0x080010dc   0x080010dc   0x0000003c   Code   RO          212    .text.HAL_InitTick  stm32f4xx_hal.o
    0x08001118   0x08001118   0x00000038   Code   RO           47    .text.HAL_MspInit   stm32f4xx_hal_msp.o
    0x08001150   0x08001150   0x0000001c   Code   RO          281    .text.HAL_NVIC_EnableIRQ  stm32f4xx_hal_cortex.o
    0x0800116c   0x0800116c   0x00000038   Code   RO          277    .text.HAL_NVIC_SetPriority  stm32f4xx_hal_cortex.o
    0x080011a4   0x080011a4   0x00000020   Code   RO          275    .text.HAL_NVIC_SetPriorityGrouping  stm32f4xx_hal_cortex.o
    0x080011c4   0x080011c4   0x00000124   Code   RO          655    .text.HAL_RCC_ClockConfig  stm32f4xx_hal_rcc.o
    0x080012e8   0x080012e8   0x0000005c   Code   RO          657    .text.HAL_RCC_GetSysClockFreq  stm32f4xx_hal_rcc.o
    0x08001344   0x08001344   0x000002e0   Code   RO          653    .text.HAL_RCC_OscConfig  stm32f4xx_hal_rcc.o
    0x08001624   0x08001624   0x00000078   Code   RO          688    .text.HAL_SPI_Init  stm32f4xx_hal_spi.o
    0x0800169c   0x0800169c   0x000000c0   Code   RO          138    .text.HAL_SPI_MspInit  spi.o
    0x0800175c   0x0800175c   0x0000012e   Code   RO          700    .text.HAL_SPI_Receive  stm32f4xx_hal_spi.o
    0x0800188a   0x0800188a   0x0000015c   Code   RO          696    .text.HAL_SPI_Transmit  stm32f4xx_hal_spi.o
    0x080019e6   0x080019e6   0x000001d0   Code   RO          702    .text.HAL_SPI_TransmitReceive  stm32f4xx_hal_spi.o
    0x08001bb6   0x08001bb6   0x00000002   PAD
    0x08001bb8   0x08001bb8   0x00000014   Code   RO          309    .text.HAL_SYSTICK_CLKSourceConfig  stm32f4xx_hal_cortex.o
    0x08001bcc   0x08001bcc   0x00000028   Code   RO          289    .text.HAL_SYSTICK_Config  stm32f4xx_hal_cortex.o
    0x08001bf4   0x08001bf4   0x00000002   Code   RO         1201    .text.HAL_TIMEx_BreakCallback  stm32f4xx_hal_tim_ex.o
    0x08001bf6   0x08001bf6   0x00000002   Code   RO         1197    .text.HAL_TIMEx_CommutCallback  stm32f4xx_hal_tim_ex.o
    0x08001bf8   0x08001bf8   0x0000004e   Code   RO         1193    .text.HAL_TIMEx_ConfigBreakDeadTime  stm32f4xx_hal_tim_ex.o
    0x08001c46   0x08001c46   0x0000003a   Code   RO         1191    .text.HAL_TIMEx_MasterConfigSynchronization  stm32f4xx_hal_tim_ex.o
    0x08001c80   0x08001c80   0x00000020   Code   RO          821    .text.HAL_TIM_Base_Start_IT  stm32f4xx_hal_tim.o
    0x08001ca0   0x08001ca0   0x00000002   Code   RO          943    .text.HAL_TIM_IC_CaptureCallback  stm32f4xx_hal_tim.o
    0x08001ca2   0x08001ca2   0x0000016c   Code   RO          941    .text.HAL_TIM_IRQHandler  stm32f4xx_hal_tim.o
    0x08001e0e   0x08001e0e   0x00000002   Code   RO          945    .text.HAL_TIM_OC_DelayElapsedCallback  stm32f4xx_hal_tim.o
    0x08001e10   0x08001e10   0x0000009c   Code   RO          969    .text.HAL_TIM_PWM_ConfigChannel  stm32f4xx_hal_tim.o
    0x08001eac   0x08001eac   0x00000034   Code   RO          861    .text.HAL_TIM_PWM_Init  stm32f4xx_hal_tim.o
    0x08001ee0   0x08001ee0   0x0000002c   Code   RO          173    .text.HAL_TIM_PWM_MspInit  tim.o
    0x08001f0c   0x08001f0c   0x00000002   Code   RO          947    .text.HAL_TIM_PWM_PulseFinishedCallback  stm32f4xx_hal_tim.o
    0x08001f0e   0x08001f0e   0x00000002   PAD
    0x08001f10   0x08001f10   0x0000003c   Code   RO          869    .text.HAL_TIM_PWM_Start  stm32f4xx_hal_tim.o
    0x08001f4c   0x08001f4c   0x00000002   Code   RO          949    .text.HAL_TIM_PeriodElapsedCallback  stm32f4xx_hal_tim.o
    0x08001f4e   0x08001f4e   0x00000002   Code   RO          951    .text.HAL_TIM_TriggerCallback  stm32f4xx_hal_tim.o
    0x08001f50   0x08001f50   0x00000002   Code   RO           74    .text.HardFault_Handler  stm32f4xx_it.o
    0x08001f52   0x08001f52   0x00000002   PAD
    0x08001f54   0x08001f54   0x00000018   Code   RO         1352    .text.LUT_Write     position.o
    0x08001f6c   0x08001f6c   0x00000090   Code   RO          100    .text.MX_ADC1_Init  adc.o
    0x08001ffc   0x08001ffc   0x00000064   Code   RO          102    .text.MX_ADC2_Init  adc.o
    0x08002060   0x08002060   0x00000064   Code   RO          104    .text.MX_ADC3_Init  adc.o
    0x080020c4   0x080020c4   0x0000004c   Code   RO          134    .text.MX_SPI1_Init  spi.o
    0x08002110   0x08002110   0x0000004c   Code   RO          136    .text.MX_SPI3_Init  spi.o
    0x0800215c   0x0800215c   0x00000134   Code   RO          169    .text.MX_TIM1_Init  tim.o
    0x08002290   0x08002290   0x00000002   Code   RO           76    .text.MemManage_Handler  stm32f4xx_it.o
    0x08002292   0x08002292   0x00000002   Code   RO           72    .text.NMI_Handler   stm32f4xx_it.o
    0x08002294   0x08002294   0x0000018c   Code   RO         1350    .text.PS_Value      position.o
    0x08002420   0x08002420   0x00000002   Code   RO           86    .text.PendSV_Handler  stm32f4xx_it.o
    0x08002422   0x08002422   0x00000002   PAD
    0x08002424   0x08002424   0x0000001c   Code   RO         1333    .text.SPI5012_Receive  tle5012b.o
    0x08002440   0x08002440   0x0000001c   Code   RO         1331    .text.SPI5012_Transmit  tle5012b.o
    0x0800245c   0x0800245c   0x0000003e   Code   RO          704    .text.SPI_EndRxTransaction  stm32f4xx_hal_spi.o
    0x0800249a   0x0800249a   0x0000001c   Code   RO          698    .text.SPI_EndRxTxTransaction  stm32f4xx_hal_spi.o
    0x080024b6   0x080024b6   0x00000074   Code   RO          796    .text.SPI_WaitFlagStateUntilTimeout  stm32f4xx_hal_spi.o
    0x0800252a   0x0800252a   0x00000002   Code   RO           82    .text.SVC_Handler   stm32f4xx_it.o
    0x0800252c   0x0800252c   0x00000016   Code   RO          159    .text.SysNVIC_SetPriority  sys.o
    0x08002542   0x08002542   0x00000004   Code   RO           88    .text.SysTick_Handler  stm32f4xx_it.o
    0x08002546   0x08002546   0x00000002   PAD
    0x08002548   0x08002548   0x0000008c   Code   RO          157    .text.SystemClock_Config  sys.o
    0x080025d4   0x080025d4   0x0000004c   Code   RO           56    .text.SystemInit    system_stm32f4xx.o
    0x08002620   0x08002620   0x00000164   Code   RO           20    .text.TIM1_UP_TIM10_IRQHandler  main.o
    0x08002784   0x08002784   0x000000d0   Code   RO          811    .text.TIM_Base_SetConfig  stm32f4xx_hal_tim.o
    0x08002854   0x08002854   0x0000001e   Code   RO          845    .text.TIM_CCxChannelCmd  stm32f4xx_hal_tim.o
    0x08002872   0x08002872   0x00000002   PAD
    0x08002874   0x08002874   0x00000054   Code   RO          955    .text.TIM_OC1_SetConfig  stm32f4xx_hal_tim.o
    0x080028c8   0x080028c8   0x00000060   Code   RO          957    .text.TIM_OC2_SetConfig  stm32f4xx_hal_tim.o
    0x08002928   0x08002928   0x00000064   Code   RO          959    .text.TIM_OC3_SetConfig  stm32f4xx_hal_tim.o
    0x0800298c   0x0800298c   0x00000048   Code   RO          961    .text.TIM_OC4_SetConfig  stm32f4xx_hal_tim.o
    0x080029d4   0x080029d4   0x0000004c   Code   RO         1337    .text.TLE5012B_init  tle5012b.o
    0x08002a20   0x08002a20   0x0000001c   Code   RO         1335    .text.TLE5012_ReadValue  tle5012b.o
    0x08002a3c   0x08002a3c   0x00000002   Code   RO           80    .text.UsageFault_Handler  stm32f4xx_it.o
    0x08002a3e   0x08002a3e   0x00000002   PAD
    0x08002a40   0x08002a40   0x00000024   Code   RO          279    .text.__NVIC_SetPriority  stm32f4xx_hal_cortex.o
    0x08002a64   0x08002a64   0x00000088   Code   RO         1297    .text.abc           foc.o
    0x08002aec   0x08002aec   0x00000004   PAD
    0x08002af0   0x08002af0   0x00000584   Code   RO         1380    .text.calibrate     calibration.o
    0x08003074   0x08003074   0x000002a8   Code   RO         1313    .text.commutate     foc.o
    0x0800331c   0x0800331c   0x00000010   Code   RO            2    .text.delay_init    delay.o
    0x0800332c   0x0800332c   0x00000014   Code   RO            6    .text.delay_ms      delay.o
    0x08003340   0x08003340   0x00000034   Code   RO            4    .text.delay_us      delay.o
    0x08003374   0x08003374   0x00000094   Code   RO         1301    .text.dq0           foc.o
    0x08003408   0x08003408   0x000000c8   Code   RO         1286    .text.drv8323_init  drv8323.o
    0x080034d0   0x080034d0   0x0000003c   Code   RO         1262    .text.drv8323_write  drv8323.o
    0x0800350c   0x0800350c   0x00000008   Code   RO         1284    .text.drv_calibrate  drv8323.o
    0x08003514   0x08003514   0x00000018   Code   RO         1282    .text.drv_disable_gd  drv8323.o
    0x0800352c   0x0800352c   0x0000001a   Code   RO         1280    .text.drv_enable_gd  drv8323.o
    0x08003546   0x08003546   0x00000002   PAD
    0x08003548   0x08003548   0x0000003c   Code   RO         1364    .text.flash_load    flash.o
    0x08003584   0x08003584   0x000000b4   Code   RO         1366    .text.flash_write   flash.o
    0x08003638   0x08003638   0x00000028   Code   RO         1307    .text.init_controller_params  foc.o
    0x08003660   0x08003660   0x00000074   Code   RO          124    .text.led_Init      led.o
    0x080036d4   0x080036d4   0x0000006a   Code   RO         1243    .text.limit_norm    fastmath.o
    0x0800373e   0x0800373e   0x00000002   PAD
    0x08003740   0x08003740   0x000000bc   Code   RO           18    .text.main          main.o
    0x080037fc   0x080037fc   0x000001ac   Code   RO         1378    .text.order_phases  calibration.o
    0x080039a8   0x080039a8   0x00000024   Code   RO         1309    .text.reset_foc     foc.o
    0x080039cc   0x080039cc   0x00000030   Code   RO         1311    .text.reset_observer  foc.o
    0x080039fc   0x080039fc   0x00000100   Code   RO         1299    .text.svm           foc.o
    0x08003afc   0x08003afc   0x00000044   Code   RO         1315    .text.torque_control  foc.o
    0x08003b40   0x08003b40   0x0000006c   Code   RO         1303    .text.zero_current  foc.o
    0x08003bac   0x08003bac   0x00000030   Code   RO         1565    i.__ARM_fpclassify  m_wm.l(fpclassify.o)
    0x08003bdc   0x08003bdc   0x00000026   Code   RO         1567    i.__ARM_fpclassifyf  m_wm.l(fpclassifyf.o)
    0x08003c02   0x08003c02   0x00000048   Code   RO         1493    i.__hardfp_fmaxf    m_wm.l(fmaxf.o)
    0x08003c4a   0x08003c4a   0x00000048   Code   RO         1497    i.__hardfp_fminf    m_wm.l(fminf.o)
    0x08003c92   0x08003c92   0x00000002   PAD
    0x08003c94   0x08003c94   0x00000104   Code   RO         1443    i.__hardfp_fmod     m_wm.l(fmod.o)
    0x08003d98   0x08003d98   0x00000c50   Code   RO         1455    i.__hardfp_pow      m_wm.l(pow.o)
    0x080049e8   0x080049e8   0x00000190   Code   RO         1469    i.__hardfp_sinf     m_wm.l(sinf.o)
    0x08004b78   0x08004b78   0x0000007a   Code   RO         1481    i.__hardfp_sqrt     m_wm.l(sqrt.o)
    0x08004bf2   0x08004bf2   0x000000f8   Code   RO         1583    i.__kernel_poly     m_wm.l(poly.o)
    0x08004cea   0x08004cea   0x00000006   PAD
    0x08004cf0   0x08004cf0   0x00000030   Code   RO         1545    i.__mathlib_dbl_divzero  m_wm.l(dunder.o)
    0x08004d20   0x08004d20   0x00000014   Code   RO         1547    i.__mathlib_dbl_infnan2  m_wm.l(dunder.o)
    0x08004d34   0x08004d34   0x00000004   PAD
    0x08004d38   0x08004d38   0x00000020   Code   RO         1548    i.__mathlib_dbl_invalid  m_wm.l(dunder.o)
    0x08004d58   0x08004d58   0x00000020   Code   RO         1549    i.__mathlib_dbl_overflow  m_wm.l(dunder.o)
    0x08004d78   0x08004d78   0x00000020   Code   RO         1551    i.__mathlib_dbl_underflow  m_wm.l(dunder.o)
    0x08004d98   0x08004d98   0x00000006   Code   RO         1570    i.__mathlib_flt_infnan  m_wm.l(funder.o)
    0x08004d9e   0x08004d9e   0x00000002   PAD
    0x08004da0   0x08004da0   0x00000010   Code   RO         1572    i.__mathlib_flt_invalid  m_wm.l(funder.o)
    0x08004db0   0x08004db0   0x00000010   Code   RO         1575    i.__mathlib_flt_underflow  m_wm.l(funder.o)
    0x08004dc0   0x08004dc0   0x00000154   Code   RO         1586    i.__mathlib_rredf2  m_wm.l(rredf.o)
    0x08004f14   0x08004f14   0x00000018   Code   RO         1561    i.fabs              m_wm.l(fabs.o)
    0x08004f2c   0x08004f2c   0x0000006e   Code   RO         1483    i.sqrt              m_wm.l(sqrt.o)
    0x08004f9a   0x08004f9a   0x00000018   Code   RO         1508    x$fpl$basic         fz_wm.l(basic.o)
    0x08004fb2   0x08004fb2   0x00000002   PAD
    0x08004fb4   0x08004fb4   0x00000062   Code   RO         1421    x$fpl$d2f           fz_wm.l(d2f.o)
    0x08005016   0x08005016   0x00000002   PAD
    0x08005018   0x08005018   0x00000150   Code   RO         1423    x$fpl$dadd          fz_wm.l(daddsub_clz.o)
    0x08005168   0x08005168   0x00000010   Code   RO         1611    x$fpl$dcheck1       fz_wm.l(dcheck1.o)
    0x08005178   0x08005178   0x00000018   Code   RO         1613    x$fpl$dcmpinf       fz_wm.l(dcmpi.o)
    0x08005190   0x08005190   0x000002b0   Code   RO         1511    x$fpl$ddiv          fz_wm.l(ddiv.o)
    0x08005440   0x08005440   0x0000002e   Code   RO         1515    x$fpl$dflt          fz_wm.l(dflt_clz.o)
    0x0800546e   0x0800546e   0x00000002   PAD
    0x08005470   0x08005470   0x00000078   Code   RO         1520    x$fpl$dleqf         fz_wm.l(dleqf.o)
    0x080054e8   0x080054e8   0x00000154   Code   RO         1522    x$fpl$dmul          fz_wm.l(dmul.o)
    0x0800563c   0x0800563c   0x0000009c   Code   RO         1524    x$fpl$dnaninf       fz_wm.l(dnaninf.o)
    0x080056d8   0x080056d8   0x00000150   Code   RO         1526    x$fpl$drem          fz_wm.l(drem_clz.o)
    0x08005828   0x08005828   0x0000000c   Code   RO         1528    x$fpl$dretinf       fz_wm.l(dretinf.o)
    0x08005834   0x08005834   0x0000006c   Code   RO         1530    x$fpl$drleqf        fz_wm.l(drleqf.o)
    0x080058a0   0x080058a0   0x00000016   Code   RO         1424    x$fpl$drsb          fz_wm.l(daddsub_clz.o)
    0x080058b6   0x080058b6   0x00000002   PAD
    0x080058b8   0x080058b8   0x00000198   Code   RO         1532    x$fpl$dsqrt         fz_wm.l(dsqrt_umaal.o)
    0x08005a50   0x08005a50   0x000001d4   Code   RO         1425    x$fpl$dsub          fz_wm.l(daddsub_clz.o)
    0x08005c24   0x08005c24   0x00000056   Code   RO         1429    x$fpl$f2d           fz_wm.l(f2d.o)
    0x08005c7a   0x08005c7a   0x00000002   PAD
    0x08005c7c   0x08005c7c   0x00000052   Code   RO         1534    x$fpl$fcmp4         fz_wm.l(fcmp4.o)
    0x08005cce   0x08005cce   0x00000018   Code   RO         1615    x$fpl$fcmpinf       fz_wm.l(fcmpi.o)
    0x08005ce6   0x08005ce6   0x0000008c   Code   RO         1538    x$fpl$fnaninf       fz_wm.l(fnaninf.o)
    0x08005d72   0x08005d72   0x0000001a   Code   RO         1708    x$fpl$fpinit        fz_wm.l(fpinit.o)
    0x08005d8c   0x08005d8c   0x0000000a   Code   RO         1540    x$fpl$fretinf       fz_wm.l(fretinf.o)
    0x08005d96   0x08005d96   0x00000064   Code   RO         1634    x$fpl$retnan        fz_wm.l(retnan.o)
    0x08005dfa   0x08005dfa   0x0000005c   Code   RO         1542    x$fpl$scalbn        fz_wm.l(scalbn.o)
    0x08005e56   0x08005e56   0x00000030   Code   RO         1689    x$fpl$trapveneer    fz_wm.l(trapv.o)
    0x08005e86   0x08005e86   0x00000000   Code   RO         1544    x$fpl$usenofp       fz_wm.l(usenofp.o)
    0x08005e86   0x08005e86   0x00000002   PAD
    0x08005e88   0x08005e88   0x00000088   Data   RO         1458    .constdata          m_wm.l(pow.o)
    0x08005f10   0x08005f10   0x00000008   Data   RO         1585    .constdata          m_wm.l(qnan.o)
    0x08005f18   0x08005f18   0x00000020   Data   RO         1587    .constdata          m_wm.l(rredf.o)
    0x08005f38   0x08005f38   0x00000010   Data   RO           61    .rodata.AHBPrescTable  system_stm32f4xx.o
    0x08005f48   0x08005f48   0x00000800   Data   RO         1250    .rodata.SinTable    fastmath.o
    0x08006748   0x08006748   0x00000020   Data   RO         1769    Region$$Table       anon$$obj.o


    Execution Region RW_IRAM1 (Exec base: 0x20000000, Load base: 0x08006768, Size: 0x00013170, Max: 0x00020000, ABSOLUTE)

    Exec Addr    Load Addr    Size         Type   Attr      Idx    E Section Name        Object

    0x20000000   0x08006768   0x00000008   Data   RW          265    .data..L_MergedGlobals  stm32f4xx_hal.o
    0x20000008   0x08006770   0x00000004   Data   RW           60    .data.SystemCoreClock  system_stm32f4xx.o
    0x2000000c   0x08006774   0x00000004   Data   RW         1318    .data.kp_q          foc.o
    0x20000010        -       0x00000060   Zero   RW         1618    .bss                c_w.l(libspace.o)
    0x20000070        -       0x00000002   Zero   RW           29    .bss..L_MergedGlobals  main.o
    0x20000072   0x08006778   0x00000002   PAD
    0x20000074        -       0x000002d4   Zero   RW         1354    .bss.PS             position.o
    0x20000348        -       0x00000100   Zero   RW           25    .bss.__float_reg    main.o
    0x20000448        -       0x00000400   Zero   RW           26    .bss.__int_reg      main.o
    0x20000848        -       0x00002800   Zero   RW         1388    .bss.calibrate.lut  calibration.o
    0x20003048        -       0x00002800   Zero   RW         1390    .bss.calibrate.raw_b  calibration.o
    0x20005848        -       0x00002800   Zero   RW         1389    .bss.calibrate.raw_f  calibration.o
    0x20008048        -       0x000002c0   Zero   RW         1320    .bss.controller     foc.o
    0x20008308        -       0x00002800   Zero   RW         1386    .bss.error          calibration.o
    0x2000ab08        -       0x00002800   Zero   RW         1385    .bss.error_b        calibration.o
    0x2000d308        -       0x00002800   Zero   RW         1384    .bss.error_f        calibration.o
    0x2000fb08        -       0x00002800   Zero   RW         1387    .bss.error_filt     calibration.o
    0x20012308        -       0x00000004   Zero   RW            8    .bss.fac_us         delay.o
    0x2001230c        -       0x00000048   Zero   RW          112    .bss.hadc1          adc.o
    0x20012354        -       0x00000048   Zero   RW          113    .bss.hadc2          adc.o
    0x2001239c        -       0x00000048   Zero   RW          114    .bss.hadc3          adc.o
    0x200123e4        -       0x00000028   Zero   RW          200    .bss.hcan1          can.o
    0x2001240c        -       0x00000058   Zero   RW          142    .bss.hspi1          spi.o
    0x20012464        -       0x00000058   Zero   RW          143    .bss.hspi3          spi.o
    0x200124bc        -       0x00000040   Zero   RW          181    .bss.htim1          tim.o
    0x200124fc        -       0x0000002c   Zero   RW         1319    .bss.iq_eso         foc.o
    0x20012528        -       0x00000020   Zero   RW         1321    .bss.observer       foc.o
    0x20012548        -       0x00000020   Zero   RW          616    .bss.pFlash         stm32f4xx_hal_flash.o
    0x20012568        -       0x00000004   Zero   RW         1368    .bss.sectorError    flash.o
    0x2001256c        -       0x00000004   Zero   RW          264    .bss.uwTick         stm32f4xx_hal.o
    0x20012570        -       0x00000400   Zero   RW           38    HEAP                startup_stm32f405xx.o
    0x20012970        -       0x00000800   Zero   RW           37    STACK               startup_stm32f405xx.o


==============================================================================

Image component sizes


      Code (inc. data)   RO Data    RW Data    ZI Data      Debug   Object Name

       560         48          0          0        216       5718   adc.o
      1840        160          0          0      71680       7363   calibration.o
        48          8          0          0         40       6758   can.o
        88          8          0          0          4       1609   delay.o
       318         20          0          0          0       5820   drv8323.o
       206         20       2048          0          0       2089   fastmath.o
       240         12          0          0          4       2001   flash.o
      1520         96          0          4        780       7305   foc.o
       116          8          0          0          0       2119   led.o
       544         82          0          0       1282       1853   main.o
       420         36          0          0        724       1904   position.o
       344         20          0          0        176       5212   spi.o
        64         26        392          0       3072        852   startup_stm32f405xx.o
       140         12          0          8          4       7213   stm32f4xx_hal.o
       556         24          0          0          0       9974   stm32f4xx_hal_adc.o
        76          0          0          0          0       8342   stm32f4xx_hal_adc_ex.o
       788          6          0          0          0      12082   stm32f4xx_hal_can.o
       212         28          0          0          0       9909   stm32f4xx_hal_cortex.o
       508         32          0          0         32       5161   stm32f4xx_hal_flash.o
       328          4          0          0          0       4835   stm32f4xx_hal_flash_ex.o
       406         24          0          0          0       4994   stm32f4xx_hal_gpio.o
        56          4          0          0          0       1443   stm32f4xx_hal_msp.o
      1120         36          0          0          0       7120   stm32f4xx_hal_rcc.o
      1440          0          0          0          0      19362   stm32f4xx_hal_spi.o
      1264         52          0          0          0      35576   stm32f4xx_hal_tim.o
       140          0          0          0          0      13700   stm32f4xx_hal_tim_ex.o
        32          4          0          0          0       1110   stm32f4xx_it.o
       164          8          0          0          0       4467   sys.o
        76         16         16          4          0       2606   system_stm32f4xx.o
       352         20          0          0         64       8381   tim.o
       160         16          0          0          0       2735   tle5012b.o

    ----------------------------------------------------------------------
     14154        834       2488         16      78080     209613   Object Totals
         0          0         32          0          0          0   (incl. Generated)
        28          4          0          0          2          0   (incl. Padding)

    ----------------------------------------------------------------------

      Code (inc. data)   RO Data    RW Data    ZI Data      Debug   Library Member Name

         8          0          0          0          0         68   __main.o
         0          0          0          0          0          0   __rtentry.o
        12          0          0          0          0          0   __rtentry2.o
         6          0          0          0          0          0   __rtentry4.o
        52          8          0          0          0          0   __scatter.o
        26          0          0          0          0          0   __scatter_copy.o
        28          0          0          0          0          0   __scatter_zi.o
        22          0          0          0          0        100   _rserrno.o
        18          0          0          0          0         80   exit.o
         6          0          0          0          0        152   heapauxi.o
         0          0          0          0          0          0   indicate_semi.o
         2          0          0          0          0          0   libinit.o
         6          0          0          0          0          0   libinit2.o
         2          0          0          0          0          0   libshutdown.o
         2          0          0          0          0          0   libshutdown2.o
         8          4          0          0         96         68   libspace.o
       240          0          0          0          0        100   lludivv7m.o
         8          4          0          0          0         68   rt_errno_addr_intlibspace.o
        78          0          0          0          0         80   rt_memclr_w.o
       100          0          0          0          0         80   rt_memcpy_w.o
         2          0          0          0          0          0   rtexit.o
        10          0          0          0          0          0   rtexit2.o
        12          4          0          0          0         68   sys_exit.o
        74          0          0          0          0         80   sys_stackheap_outer.o
         2          0          0          0          0         68   use_no_semi.o
        24          0          0          0          0        164   basic.o
        98          4          0          0          0        140   d2f.o
       826         16          0          0          0        500   daddsub_clz.o
        16          4          0          0          0        116   dcheck1.o
        24          0          0          0          0        116   dcmpi.o
       688        140          0          0          0        264   ddiv.o
        46          0          0          0          0        116   dflt_clz.o
       120          4          0          0          0        140   dleqf.o
       340         12          0          0          0        152   dmul.o
       156          4          0          0          0        140   dnaninf.o
       336         12          0          0          0        136   drem_clz.o
        12          0          0          0          0        116   dretinf.o
       108          0          0          0          0        128   drleqf.o
       408         56          0          0          0        168   dsqrt_umaal.o
        86          4          0          0          0        132   f2d.o
        82          4          0          0          0        160   fcmp4.o
        24          0          0          0          0        116   fcmpi.o
       140          4          0          0          0        132   fnaninf.o
        26          0          0          0          0        116   fpinit.o
        10          0          0          0          0        116   fretinf.o
       100          0          0          0          0        116   retnan.o
        92          0          0          0          0        116   scalbn.o
        48          0          0          0          0        116   trapv.o
         0          0          0          0          0          0   usenofp.o
       164         44          0          0          0        620   dunder.o
        24          0          0          0          0        124   fabs.o
        72          0          0          0          0        148   fmaxf.o
        72          0          0          0          0        148   fminf.o
       260          6          0          0          0        144   fmod.o
        48          0          0          0          0        124   fpclassify.o
        38          0          0          0          0        116   fpclassifyf.o
        38         12          0          0          0        348   funder.o
       248          0          0          0          0        152   poly.o
      3152        296        136          0          0        352   pow.o
         0          0          8          0          0          0   qnan.o
       340         24         32          0          0        160   rredf.o
       400         56          0          0          0        212   sinf.o
       232          0          0          0          0        296   sqrt.o

    ----------------------------------------------------------------------
      9654        722        176          0         96       7472   Library Totals
        32          0          0          0          0          0   (incl. Padding)

    ----------------------------------------------------------------------

      Code (inc. data)   RO Data    RW Data    ZI Data      Debug   Library Name

       724         20          0          0         96       1012   c_w.l
      3810        264          0          0          0       3516   fz_wm.l
      5088        438        176          0          0       2944   m_wm.l

    ----------------------------------------------------------------------
      9654        722        176          0         96       7472   Library Totals

    ----------------------------------------------------------------------

==============================================================================


      Code (inc. data)   RO Data    RW Data    ZI Data      Debug   

     23808       1556       2664         16      78176     211905   Grand Totals
     23808       1556       2664         16      78176     211905   ELF Image Totals
     23808       1556       2664         16          0          0   ROM Totals

==============================================================================

    Total RO  Size (Code + RO Data)                26472 (  25.85kB)
    Total RW  Size (RW Data + ZI Data)             78192 (  76.36kB)
    Total ROM Size (Code + RO Data + RW Data)      26488 (  25.87kB)

==============================================================================

